{ actual: 7050000, expected: 7000000 }
node:internal/modules/run_main:105
    triggerUncaughtException(
    ^

AssertionError [ERR_ASSERTION]: Expected values to be strictly equal:
+ actual - expected

+ 7050000
- 7000000

    at file:///Users/masahiroyasu/Scripts/keiri-tools-astra-r15-t5-a/[eval1]:7:8
    at ModuleJob.run (node:internal/modules/esm/module_job:365:25)
    at process.processTicksAndRejections (node:internal/process/task_queues:105:5)
    at async onImport.tracePromise.__proto__ (node:internal/modules/esm/loader:270:26)
    at async ModuleLoader.executeModuleJob (node:internal/modules/esm/loader:267:20)
    at async asyncRunEntryPointWithESMLoader (node:internal/modules/run_main:99:5) {
  generatedMessage: true,
  code: 'ERR_ASSERTION',
  actual: 7050000,
  expected: 7000000,
  operator: 'strictEqual'
}

Node.js v24.3.0
