[
  {
    page: 'docs/column/juminzei-tokubetsu-choshu/index.html',
    total: 276,
    covered: 63,
    verified: 63,
    nonclaims: 71,
    unprocessed: 142,
    out_of_corpus: 117,
    changed_original: 22
  },
  {
    page: 'docs/embed/furusato/index.html',
    total: 68,
    covered: 9,
    verified: 9,
    nonclaims: 36,
    unprocessed: 23,
    out_of_corpus: 10,
    changed_original: 3
  },
  {
    page: 'docs/furusato/index.html',
    total: 387,
    covered: 109,
    verified: 109,
    nonclaims: 91,
    unprocessed: 187,
    out_of_corpus: 97,
    changed_original: 65
  }
]
