[
  {
    page: 'docs/column/chutaikyo/index.html',
    total: 348,
    covered: 277,
    verified: 236,
    nonclaims: 62,
    unprocessed: 9
  },
  {
    page: 'docs/column/roudousha-shishobyo-houkoku/index.html',
    total: 336,
    covered: 228,
    verified: 193,
    nonclaims: 67,
    unprocessed: 41
  },
  {
    page: 'docs/column/sango-papa-ikukyu/index.html',
    total: 368,
    covered: 292,
    verified: 244,
    nonclaims: 68,
    unprocessed: 8
  },
  {
    page: 'docs/column/sanzen-sango-kyugyo/index.html',
    total: 320,
    covered: 253,
    verified: 219,
    nonclaims: 55,
    unprocessed: 12
  }
]
