[
  { name: 'papa-ikukyu', width: 1280, issues: [] },
  { name: 'papa-ikukyu', width: 1536, issues: [] },
  { name: 'papa-ikukyu', width: 1920, issues: [] },
  { name: 'papa-ikukyu', width: 1200, issues: [] },
  { name: 'papa-ikukyu', width: 768, issues: [] },
  { name: 'papa-ikukyu', width: 390, issues: [] },
  { name: 'shokibo-kyosai', width: 1280, issues: [] },
  { name: 'shokibo-kyosai', width: 1536, issues: [] },
  { name: 'shokibo-kyosai', width: 1920, issues: [] },
  { name: 'shokibo-kyosai', width: 1200, issues: [] },
  { name: 'shokibo-kyosai', width: 768, issues: [] },
  { name: 'shokibo-kyosai', width: 390, issues: [] },
  { name: 'shussan', width: 1280, issues: [] },
  { name: 'shussan', width: 1536, issues: [] },
  { name: 'shussan', width: 1920, issues: [] },
  { name: 'shussan', width: 1200, issues: [] },
  { name: 'shussan', width: 768, issues: [] },
  { name: 'shussan', width: 390, issues: [] },
  { name: 'taishokukin', width: 1280, issues: [] },
  { name: 'taishokukin', width: 1536, issues: [] },
  { name: 'taishokukin', width: 1920, issues: [] },
  { name: 'taishokukin', width: 1200, issues: [] },
  { name: 'taishokukin', width: 768, issues: [] },
  { name: 'taishokukin', width: 390, issues: [] },
  { name: 'tosan-boshi-kyosai', width: 1280, issues: [] },
  { name: 'tosan-boshi-kyosai', width: 1536, issues: [] },
  { name: 'tosan-boshi-kyosai', width: 1920, issues: [] },
  { name: 'tosan-boshi-kyosai', width: 1200, issues: [] },
  { name: 'tosan-boshi-kyosai', width: 768, issues: [] },
  { name: 'tosan-boshi-kyosai', width: 390, issues: [] }
]
