[
  {
    page: 'docs/column/part-yukyu/index.html',
    total: 504,
    covered: 371,
    verified: 332,
    nonclaims: 80,
    unprocessed: 53,
    out_of_corpus: 53,
    unclassified: 0
  },
  {
    page: 'docs/embed/yukyu/index.html',
    total: 21,
    covered: 1,
    verified: 1,
    nonclaims: 12,
    unprocessed: 8,
    out_of_corpus: 8,
    unclassified: 0
  },
  {
    page: 'docs/yukyu/index.html',
    total: 128,
    covered: 78,
    verified: 71,
    nonclaims: 31,
    unprocessed: 19,
    out_of_corpus: 19,
    unclassified: 0
  }
]
全ok/nonclaim対応、全unresolved旧ID消滅、not_wrong/unsure79単位不変、未分類0を確認。
