[
  {
    page: 'docs/column/gensen-choshubo/index.html',
    total: 308,
    covered: 143,
    verified: 100,
    nonclaims: 60,
    unprocessed: 105,
    unverified: 105,
    remaining: 0
  },
  {
    page: 'docs/column/nenmatsu-chosei-kanpukin/index.html',
    total: 384,
    covered: 220,
    verified: 140,
    nonclaims: 82,
    unprocessed: 82,
    unverified: 82,
    remaining: 0
  },
  {
    page: 'docs/column/tokutei-shinzoku-tokubetsu-kojo/index.html',
    total: 339,
    covered: 184,
    verified: 145,
    nonclaims: 43,
    unprocessed: 112,
    unverified: 112,
    remaining: 0
  },
  {
    page: 'docs/embed/fuyo-kojo/index.html',
    total: 18,
    covered: 3,
    verified: 3,
    nonclaims: 7,
    unprocessed: 8,
    unverified: 8,
    remaining: 0
  },
  {
    page: 'docs/fuyo-kojo/index.html',
    total: 204,
    covered: 92,
    verified: 64,
    nonclaims: 43,
    unprocessed: 69,
    unverified: 69,
    remaining: 0
  }
]
unmatched unchanged 0
