2026-10-01 00:17:54 JST START tests/break_shitsugyo_article.mjs
END tests/break_shitsugyo_article.mjs 0
2026-10-01 00:19:50 JST START tests/break_shobyo_104.mjs
END tests/break_shobyo_104.mjs 0
2026-10-01 00:21:09 JST START tests/break_shokibo_takuchi.mjs
END tests/break_shokibo_takuchi.mjs 0
2026-10-01 00:23:46 JST START tests/break_shussan_ichijikin.mjs
END tests/break_shussan_ichijikin.mjs 0
2026-10-01 00:23:54 JST START tests/break_sozokuzei.mjs
END tests/break_sozokuzei.mjs 0
2026-10-01 00:23:56 JST START tests/break_tedori.mjs
END tests/break_tedori.mjs 0
2026-10-01 00:24:13 JST START tests/break_title_h1_subject.mjs
END tests/break_title_h1_subject.mjs 0
2026-10-01 00:24:17 JST START tests/break_toroku_jutaku.mjs
END tests/break_toroku_jutaku.mjs 0
2026-10-01 00:24:24 JST START tests/break_toroku_page.mjs
END tests/break_toroku_page.mjs 0
2026-10-01 00:29:13 JST START tests/break_yukyu_quick.mjs
END tests/break_yukyu_quick.mjs 0
2026-10-01 00:29:16 JST START tests/break_zengin_layout.mjs
END tests/break_zengin_layout.mjs 0
2026-10-01 00:29:21 JST START tests/break_zoyozei.mjs
END tests/break_zoyozei.mjs 0
2026-10-01 00:29:24 JST START tests/test_aoiro.mjs
END tests/test_aoiro.mjs 0
2026-10-01 00:29:25 JST START tests/test_article_structure.mjs
END tests/test_article_structure.mjs 0
2026-10-01 00:29:27 JST START tests/test_boei_surtax.mjs
END tests/test_boei_surtax.mjs 0
2026-10-01 00:29:28 JST START tests/test_bonus_tedori.mjs
END tests/test_bonus_tedori.mjs 0
2026-10-01 00:29:29 JST START tests/test_bonus_yearpaid_wired.mjs
END tests/test_bonus_yearpaid_wired.mjs 0
2026-10-01 00:29:29 JST START tests/test_boundary_cases.mjs
END tests/test_boundary_cases.mjs 0
2026-10-01 00:29:30 JST START tests/test_check_claims.mjs
END tests/test_check_claims.mjs 0
2026-10-01 00:29:30 JST START tests/test_check_figures.mjs
END tests/test_check_figures.mjs 0
2026-10-01 00:29:34 JST START tests/test_check_homoglyph.mjs
END tests/test_check_homoglyph.mjs 0
2026-10-01 00:29:39 JST START tests/test_check_quotes.mjs
END tests/test_check_quotes.mjs 0
2026-10-01 00:29:46 JST START tests/test_check_quotes_elided_parens.mjs
END tests/test_check_quotes_elided_parens.mjs 0
2026-10-01 00:29:47 JST START tests/test_check_quotes_paren_cascade.mjs
END tests/test_check_quotes_paren_cascade.mjs 0
2026-10-01 00:29:51 JST START tests/test_check_quotes_prose.mjs
END tests/test_check_quotes_prose.mjs 0
2026-10-01 00:29:56 JST START tests/test_chukai.mjs
END tests/test_chukai.mjs 0
2026-10-01 00:29:56 JST START tests/test_condition_tables.mjs
END tests/test_condition_tables.mjs 0
2026-10-01 00:30:02 JST START tests/test_condition_tables_break.mjs
END tests/test_condition_tables_break.mjs 0
2026-10-01 00:30:12 JST START tests/test_content_html.mjs
END tests/test_content_html.mjs 0
2026-10-01 00:30:17 JST START tests/test_copy_result.mjs
END tests/test_copy_result.mjs 0
2026-10-01 00:30:17 JST START tests/test_core_reachable.mjs
END tests/test_core_reachable.mjs 0
2026-10-01 00:30:20 JST START tests/test_data_pages.mjs
END tests/test_data_pages.mjs 0
2026-10-01 00:30:21 JST START tests/test_data_revision_due.mjs
END tests/test_data_revision_due.mjs 0
2026-10-01 00:30:21 JST START tests/test_datemodified_bulk_worktree.mjs
END tests/test_datemodified_bulk_worktree.mjs 0
2026-10-01 00:30:36 JST START tests/test_denchoho_aoiro.mjs
END tests/test_denchoho_aoiro.mjs 0
2026-10-01 00:30:36 JST START tests/test_domain_bridge.mjs
END tests/test_domain_bridge.mjs 0
2026-10-01 00:30:36 JST START tests/test_dup_ids.mjs
END tests/test_dup_ids.mjs 0
2026-10-01 00:30:38 JST START tests/test_egov_article_dump.mjs
END tests/test_egov_article_dump.mjs 0
2026-10-01 00:30:41 JST START tests/test_egov_item_count.mjs
END tests/test_egov_item_count.mjs 0
2026-10-01 00:30:43 JST START tests/test_egov_suppl_provision.mjs
END tests/test_egov_suppl_provision.mjs 0
2026-10-01 00:30:44 JST START tests/test_eigyobi.mjs
END tests/test_eigyobi.mjs 0
2026-10-01 00:30:44 JST START tests/test_eigyobi_article.mjs
END tests/test_eigyobi_article.mjs 0
2026-10-01 00:30:45 JST START tests/test_embed_static_cards.mjs
END tests/test_embed_static_cards.mjs 0
2026-10-01 00:30:45 JST START tests/test_empty_surfaces.mjs
END tests/test_empty_surfaces.mjs 0
2026-10-01 00:31:10 JST START tests/test_empty_tool_states.mjs
END tests/test_empty_tool_states.mjs 0
2026-10-01 00:41:02 JST START tests/test_enumeration_completeness.mjs
END tests/test_enumeration_completeness.mjs 0
2026-10-01 00:41:02 JST START tests/test_extension.mjs
END tests/test_extension.mjs 0
2026-10-01 00:41:02 JST START tests/test_extension_crawl.mjs
END tests/test_extension_crawl.mjs 0
2026-10-01 00:41:11 JST START tests/test_extension_fixture.mjs
END tests/test_extension_fixture.mjs 0
2026-10-01 00:41:13 JST START tests/test_extension_pagination.mjs
END tests/test_extension_pagination.mjs 0
2026-10-01 00:41:15 JST START tests/test_extension_v02.mjs
END tests/test_extension_v02.mjs 0
2026-10-01 00:41:16 JST START tests/test_faq_visible.mjs
END tests/test_faq_visible.mjs 0
2026-10-01 00:41:19 JST START tests/test_favicon.mjs
END tests/test_favicon.mjs 0
2026-10-01 00:41:21 JST START tests/test_fee_article.mjs
END tests/test_fee_article.mjs 0
2026-10-01 00:41:21 JST START tests/test_fetch_tsutatsu.mjs
END tests/test_fetch_tsutatsu.mjs 0
2026-10-01 00:41:32 JST START tests/test_fudosan_shutoku.mjs
END tests/test_fudosan_shutoku.mjs 0
2026-10-01 00:41:33 JST START tests/test_furikomi_amount_index.mjs
END tests/test_furikomi_amount_index.mjs 0
2026-10-01 00:41:33 JST START tests/test_furikomi_bank_sections.mjs
END tests/test_furikomi_bank_sections.mjs 0
2026-10-01 00:41:34 JST START tests/test_furikomi_kamoku.mjs
END tests/test_furikomi_kamoku.mjs 0
2026-10-01 00:41:34 JST START tests/test_furusato_adjustment.mjs
END tests/test_furusato_adjustment.mjs 0
2026-10-01 00:42:41 JST START tests/test_fuyo.mjs
END tests/test_fuyo.mjs 0
2026-10-01 00:42:43 JST START tests/test_generators_fresh.mjs
END tests/test_generators_fresh.mjs 0
2026-10-01 00:48:58 JST START tests/test_genka.mjs
END tests/test_genka.mjs 0
2026-10-01 00:48:58 JST START tests/test_gensen.mjs
END tests/test_gensen.mjs 0
2026-10-01 00:48:59 JST START tests/test_gensen_hyo.mjs
END tests/test_gensen_hyo.mjs 0
2026-10-01 00:48:59 JST START tests/test_gensen_kojo_check.mjs
END tests/test_gensen_kojo_check.mjs 0
2026-10-01 00:48:59 JST START tests/test_gensen_kyuyo.mjs
END tests/test_gensen_kyuyo.mjs 0
2026-10-01 00:48:59 JST START tests/test_gensen_shoyo.mjs
END tests/test_gensen_shoyo.mjs 0
2026-10-01 00:49:00 JST START tests/test_gensen_zeigakuhyo_article.mjs
END tests/test_gensen_zeigakuhyo_article.mjs 0
2026-10-01 00:49:00 JST START tests/test_haigusha.mjs
END tests/test_haigusha.mjs 0
2026-10-01 00:49:00 JST START tests/test_hikazei_setai.mjs
END tests/test_hikazei_setai.mjs 0
2026-10-01 00:49:00 JST START tests/test_hint_leading_space.mjs
END tests/test_hint_leading_space.mjs 0
2026-10-01 00:49:01 JST START tests/test_hitorioya.mjs
END tests/test_hitorioya.mjs 0
2026-10-01 00:49:01 JST START tests/test_hojinzei.mjs
END tests/test_hojinzei.mjs 0
2026-10-01 00:49:02 JST START tests/test_hojokin.mjs
END tests/test_hojokin.mjs 0
2026-10-01 00:49:02 JST START tests/test_hojokin_captured_label.mjs
END tests/test_hojokin_captured_label.mjs 0
2026-10-01 00:49:02 JST START tests/test_hojokin_cards.mjs
END tests/test_hojokin_cards.mjs 0
2026-10-01 00:49:03 JST START tests/test_hojokin_sources.mjs
END tests/test_hojokin_sources.mjs 1
2026-10-01 00:49:03 JST START tests/test_hojokin_zeimu.mjs
END tests/test_hojokin_zeimu.mjs 0
2026-10-01 00:49:04 JST START tests/test_hoteifukuri.mjs
END tests/test_hoteifukuri.mjs 0
2026-10-01 00:49:04 JST START tests/test_ideco_deguchi.mjs
END tests/test_ideco_deguchi.mjs 0
2026-10-01 00:49:05 JST START tests/test_ikuji.mjs
END tests/test_ikuji.mjs 0
2026-10-01 00:49:05 JST START tests/test_ikuji_article.mjs
END tests/test_ikuji_article.mjs 0
2026-10-01 00:49:05 JST START tests/test_ikuji_hayamihyo.mjs
END tests/test_ikuji_hayamihyo.mjs 0
2026-10-01 00:49:06 JST START tests/test_index_entities.mjs
END tests/test_index_entities.mjs 0
2026-10-01 00:49:28 JST START tests/test_input_wiring.mjs
END tests/test_input_wiring.mjs 0
2026-10-01 01:06:20 JST START tests/test_inshi.mjs
END tests/test_inshi.mjs 0
2026-10-01 01:06:20 JST START tests/test_inshi_receipt_table.mjs
END tests/test_inshi_receipt_table.mjs 0
2026-10-01 01:06:20 JST START tests/test_internal_links.mjs
END tests/test_internal_links.mjs 0
2026-10-01 01:06:21 JST START tests/test_invoice_bangou.mjs
END tests/test_invoice_bangou.mjs 0
2026-10-01 01:06:22 JST START tests/test_invoice_line_share.mjs
END tests/test_invoice_line_share.mjs 0
2026-10-01 01:06:22 JST START tests/test_iryohi.mjs
END tests/test_iryohi.mjs 0
2026-10-01 01:06:22 JST START tests/test_iryohi_hayami.mjs
END tests/test_iryohi_hayami.mjs 0
2026-10-01 01:06:22 JST START tests/test_iryohi_kojo_article.mjs
END tests/test_iryohi_kojo_article.mjs 0
2026-10-01 01:06:22 JST START tests/test_iryohi_selfmed_kigen.mjs
END tests/test_iryohi_selfmed_kigen.mjs 0
2026-10-01 01:06:22 JST START tests/test_iryubun.mjs
END tests/test_iryubun.mjs 0
2026-10-01 01:06:23 JST START tests/test_izoku.mjs
END tests/test_izoku.mjs 0
2026-10-01 01:06:23 JST START tests/test_jidoshazei.mjs
END tests/test_jidoshazei.mjs 0
2026-10-01 01:06:23 JST START tests/test_jidoshazei_article.mjs
END tests/test_jidoshazei_article.mjs 0
2026-10-01 01:06:23 JST START tests/test_jidoshazei_static_table.mjs
END tests/test_jidoshazei_static_table.mjs 0
2026-10-01 01:06:24 JST START tests/test_jishin_hoken_kojo.mjs
END tests/test_jishin_hoken_kojo.mjs 0
2026-10-01 01:06:24 JST START tests/test_jouto.mjs
END tests/test_jouto.mjs 0
2026-10-01 01:06:24 JST START tests/test_juminzei.mjs
END tests/test_juminzei.mjs 0
2026-10-01 01:06:24 JST START tests/test_juminzei_embed.mjs
END tests/test_juminzei_embed.mjs 0
2026-10-01 01:06:34 JST START tests/test_juminzei_zeisei.mjs
END tests/test_juminzei_zeisei.mjs 0
2026-10-01 01:06:34 JST START tests/test_jutaku.mjs
END tests/test_jutaku.mjs 0
2026-10-01 01:06:34 JST START tests/test_jutaku_ui.mjs
END tests/test_jutaku_ui.mjs 0
2026-10-01 01:06:43 JST START tests/test_kabe.mjs
END tests/test_kabe.mjs 0
2026-10-01 01:06:44 JST START tests/test_kaitori_hayamihyo.mjs
END tests/test_kaitori_hayamihyo.mjs 0
2026-10-01 01:06:44 JST START tests/test_kani_hikaku.mjs
END tests/test_kani_hikaku.mjs 0
2026-10-01 01:06:44 JST START tests/test_kanyu_article.mjs
END tests/test_kanyu_article.mjs 0
2026-10-01 01:06:44 JST START tests/test_keyword_demand.mjs
END tests/test_keyword_demand.mjs 0
2026-10-01 01:07:19 JST START tests/test_keyword_demand_decisions.mjs
END tests/test_keyword_demand_decisions.mjs 0
2026-10-01 01:07:23 JST START tests/test_keyword_demand_volume.mjs
END tests/test_keyword_demand_volume.mjs 0
2026-10-01 01:07:25 JST START tests/test_kihonteate.mjs
END tests/test_kihonteate.mjs 0
2026-10-01 01:07:25 JST START tests/test_kihonteate_oracle.mjs
END tests/test_kihonteate_oracle.mjs 0
2026-10-01 01:07:25 JST START tests/test_kihonteate_page_claims.mjs
END tests/test_kihonteate_page_claims.mjs 0
2026-10-01 01:07:25 JST START tests/test_kihonteate_zantei.mjs
END tests/test_kihonteate_zantei.mjs 0
2026-10-01 01:07:26 JST START tests/test_kinro_gakusei.mjs
END tests/test_kinro_gakusei.mjs 0
2026-10-01 01:07:26 JST START tests/test_kogaku.mjs
END tests/test_kogaku.mjs 0
2026-10-01 01:07:26 JST START tests/test_kogaku_article.mjs
END tests/test_kogaku_article.mjs 0
2026-10-01 01:07:26 JST START tests/test_kokuho.mjs
END tests/test_kokuho.mjs 0
2026-10-01 01:07:26 JST START tests/test_kokunen_menjo.mjs
END tests/test_kokunen_menjo.mjs 0
2026-10-01 01:07:26 JST START tests/test_kotei_article.mjs
END tests/test_kotei_article.mjs 0
2026-10-01 01:07:27 JST START tests/test_kotei_shisanzei.mjs
END tests/test_kotei_shisanzei.mjs 0
2026-10-01 01:07:27 JST START tests/test_koyou_article.mjs
END tests/test_koyou_article.mjs 0
2026-10-01 01:07:27 JST START tests/test_koyou_oracle.mjs
END tests/test_koyou_oracle.mjs 0
2026-10-01 01:07:27 JST START tests/test_law_char_claims.mjs
END tests/test_law_char_claims.mjs 0
2026-10-01 01:07:31 JST START tests/test_layout_markup.mjs
END tests/test_layout_markup.mjs 0
2026-10-01 01:08:21 JST START tests/test_layout_mutations.mjs
END tests/test_layout_mutations.mjs 0
2026-10-01 01:08:33 JST START tests/test_layout_render.mjs
END tests/test_layout_render.mjs 0
2026-10-01 01:27:48 JST START tests/test_layout_visual.mjs
END tests/test_layout_visual.mjs 1
2026-10-01 01:27:50 JST START tests/test_left_edge.mjs
END tests/test_left_edge.mjs 0
2026-10-01 01:32:04 JST START tests/test_link_inventory.mjs
END tests/test_link_inventory.mjs 0
2026-10-01 01:32:04 JST START tests/test_measurement_wiring.mjs
END tests/test_measurement_wiring.mjs 0
2026-10-01 01:32:05 JST START tests/test_nav.mjs
END tests/test_nav.mjs 0
2026-10-01 01:32:06 JST START tests/test_nav_experiment.mjs
END tests/test_nav_experiment.mjs 0
2026-10-01 01:32:07 JST START tests/test_nenkin.mjs
END tests/test_nenkin.mjs 0
2026-10-01 01:32:07 JST START tests/test_nenkin_page.mjs
END tests/test_nenkin_page.mjs 0
2026-10-01 01:32:07 JST START tests/test_nenmatsu_kanpukin.mjs
END tests/test_nenmatsu_kanpukin.mjs 1
2026-10-01 01:32:08 JST START tests/test_nenshu_kabe.mjs
END tests/test_nenshu_kabe.mjs 0
2026-10-01 01:32:08 JST START tests/test_nini_article.mjs
END tests/test_nini_article.mjs 0
2026-10-01 01:32:08 JST START tests/test_nini_keizoku.mjs
END tests/test_nini_keizoku.mjs 0
2026-10-01 01:32:09 JST START tests/test_nini_keizoku_article.mjs
END tests/test_nini_keizoku_article.mjs 0
2026-10-01 01:32:14 JST START tests/test_nisa_waku.mjs
END tests/test_nisa_waku.mjs 0
2026-10-01 01:32:14 JST START tests/test_no_hscroll.mjs
END tests/test_no_hscroll.mjs 0
2026-10-01 01:35:22 JST START tests/test_no_orphan.mjs
END tests/test_no_orphan.mjs 0
2026-10-01 01:35:23 JST START tests/test_no_stray_paths.mjs
END tests/test_no_stray_paths.mjs 0
2026-10-01 01:35:23 JST START tests/test_nopublish.mjs
END tests/test_nopublish.mjs 0
2026-10-01 01:35:24 JST START tests/test_ogp.mjs
END tests/test_ogp.mjs 0
2026-10-01 01:35:24 JST START tests/test_papa_ikukyu.mjs
END tests/test_papa_ikukyu.mjs 0
2026-10-01 01:35:31 JST START tests/test_payday.mjs
END tests/test_payday.mjs 0
2026-10-01 01:35:31 JST START tests/test_persona_order.mjs
END tests/test_persona_order.mjs 0
2026-10-01 01:35:31 JST START tests/test_pr_blocks.mjs
END tests/test_pr_blocks.mjs 0
2026-10-01 01:35:32 JST START tests/test_prefill.mjs
END tests/test_prefill.mjs 0
2026-10-01 01:35:32 JST START tests/test_pv_browser.mjs
END tests/test_pv_browser.mjs 0
2026-10-01 01:36:47 JST START tests/test_pv_tracking.mjs
END tests/test_pv_tracking.mjs 0
2026-10-01 01:36:48 JST START tests/test_pv_workflows.mjs
END tests/test_pv_workflows.mjs 0
2026-10-01 01:36:50 JST START tests/test_qa.mjs
END tests/test_qa.mjs 1
2026-10-01 01:36:52 JST START tests/test_qa_stopword_drift.mjs
END tests/test_qa_stopword_drift.mjs 0
2026-10-01 01:36:52 JST START tests/test_r15_t7_content.mjs
END tests/test_r15_t7_content.mjs 0
2026-10-01 01:36:54 JST START tests/test_result_visible.mjs
END tests/test_result_visible.mjs 0
2026-10-01 01:36:55 JST START tests/test_retention_core.mjs
END tests/test_retention_core.mjs 0
2026-10-01 01:36:56 JST START tests/test_retention_pages.mjs
END tests/test_retention_pages.mjs 0
2026-10-01 01:37:12 JST START tests/test_rishokuhyo_article.mjs
END tests/test_rishokuhyo_article.mjs 0
2026-10-01 01:37:12 JST START tests/test_saishushoku.mjs
END tests/test_saishushoku.mjs 0
2026-10-01 01:37:12 JST START tests/test_saishushoku_article.mjs
END tests/test_saishushoku_article.mjs 0
2026-10-01 01:37:12 JST START tests/test_saishushoku_hayamihyo.mjs
END tests/test_saishushoku_hayamihyo.mjs 0
2026-10-01 01:37:12 JST START tests/test_saitei.mjs
END tests/test_saitei.mjs 0
2026-10-01 01:37:13 JST START tests/test_santei.mjs
END tests/test_santei.mjs 0
2026-10-01 01:37:13 JST START tests/test_scheduled_revisions.mjs
END tests/test_scheduled_revisions.mjs 0
2026-10-01 01:37:13 JST START tests/test_screen_constants.mjs
END tests/test_screen_constants.mjs 0
2026-10-01 01:37:13 JST START tests/test_section_width.mjs
END tests/test_section_width.mjs 0
2026-10-01 01:37:51 JST START tests/test_segment_claims.mjs
END tests/test_segment_claims.mjs 0
2026-10-01 01:37:52 JST START tests/test_segment_high_quotes.mjs
END tests/test_segment_high_quotes.mjs 0
2026-10-01 01:37:53 JST START tests/test_seiho.mjs
END tests/test_seiho.mjs 0
2026-10-01 01:37:54 JST START tests/test_seizen_zoyo.mjs
END tests/test_seizen_zoyo.mjs 0
2026-10-01 01:37:54 JST START tests/test_senpou.mjs
END tests/test_senpou.mjs 0
2026-10-01 01:37:54 JST START tests/test_setsuzei.mjs
END tests/test_setsuzei.mjs 0
2026-10-01 01:37:54 JST START tests/test_shaho.mjs
END tests/test_shaho.mjs 0
2026-10-01 01:37:55 JST START tests/test_shaho_kosei_cap.mjs
END tests/test_shaho_kosei_cap.mjs 0
2026-10-01 01:37:55 JST START tests/test_shaho_oracle.mjs
END tests/test_shaho_oracle.mjs 0
2026-10-01 01:37:55 JST START tests/test_shaho_round_exact.mjs
END tests/test_shaho_round_exact.mjs 0
2026-10-01 01:37:55 JST START tests/test_shataku.mjs
END tests/test_shataku.mjs 0
2026-10-01 01:37:55 JST START tests/test_shitsugyo_article.mjs
END tests/test_shitsugyo_article.mjs 0
2026-10-01 01:37:55 JST START tests/test_shobyo.mjs
END tests/test_shobyo.mjs 0
2026-10-01 01:37:55 JST START tests/test_shobyo_article.mjs
END tests/test_shobyo_article.mjs 0
2026-10-01 01:37:56 JST START tests/test_shogaku_tokurei.mjs
END tests/test_shogaku_tokurei.mjs 0
2026-10-01 01:37:56 JST START tests/test_shohizei.mjs
END tests/test_shohizei.mjs 0
2026-10-01 01:37:56 JST START tests/test_shohizei_shinkoku.mjs
END tests/test_shohizei_shinkoku.mjs 0
2026-10-01 01:37:56 JST START tests/test_shokibo_takuchi.mjs
END tests/test_shokibo_takuchi.mjs 0
2026-10-01 01:37:56 JST START tests/test_shokyaku_rates_oracle.mjs
END tests/test_shokyaku_rates_oracle.mjs 0
2026-10-01 01:37:56 JST START tests/test_shussan.mjs
END tests/test_shussan.mjs 0
2026-10-01 01:37:57 JST START tests/test_shussan_article.mjs
END tests/test_shussan_article.mjs 0
2026-10-01 01:37:57 JST START tests/test_shussan_ichijikin_article.mjs
END tests/test_shussan_ichijikin_article.mjs 0
2026-10-01 01:37:57 JST START tests/test_sitemap.mjs
END tests/test_sitemap.mjs 0
2026-10-01 01:37:57 JST START tests/test_source_year_registry.mjs
END tests/test_source_year_registry.mjs 0
2026-10-01 01:37:57 JST START tests/test_sozokuzei.mjs
END tests/test_sozokuzei.mjs 0
2026-10-01 01:37:57 JST START tests/test_sozokuzei_article.mjs
END tests/test_sozokuzei_article.mjs 0
2026-10-01 01:37:57 JST START tests/test_stale_values.mjs
END tests/test_stale_values.mjs 0
2026-10-01 01:37:58 JST START tests/test_stale_values_rules.mjs
END tests/test_stale_values_rules.mjs 0
2026-10-01 01:37:58 JST START tests/test_sticky_header.mjs
END tests/test_sticky_header.mjs 0
2026-10-01 01:38:02 JST START tests/test_t6_ui.mjs
END tests/test_t6_ui.mjs 0
2026-10-01 01:38:06 JST START tests/test_taishoku.mjs
END tests/test_taishoku.mjs 0
2026-10-01 01:38:06 JST START tests/test_tedori.mjs
END tests/test_tedori.mjs 0
2026-10-01 01:38:06 JST START tests/test_tedori_article.mjs
END tests/test_tedori_article.mjs 0
2026-10-01 01:38:06 JST START tests/test_title_h1_subject.mjs
END tests/test_title_h1_subject.mjs 0
2026-10-01 01:38:07 JST START tests/test_toc_content_boundaries.mjs
END tests/test_toc_content_boundaries.mjs 0
2026-10-01 01:38:07 JST START tests/test_toc_related.mjs
END tests/test_toc_related.mjs 1
2026-10-01 01:38:26 JST START tests/test_toc_render.mjs
END tests/test_toc_render.mjs 0
2026-10-01 01:38:51 JST START tests/test_tool_memo.mjs
END tests/test_tool_memo.mjs 0
2026-10-01 01:38:52 JST START tests/test_tool_related.mjs
END tests/test_tool_related.mjs 1
2026-10-01 01:38:52 JST START tests/test_toroku_jutaku.mjs
END tests/test_toroku_jutaku.mjs 0
2026-10-01 01:38:52 JST START tests/test_toroku_menkyo.mjs
END tests/test_toroku_menkyo.mjs 0
2026-10-01 01:38:52 JST START tests/test_toroku_page.mjs
END tests/test_toroku_page.mjs 0
2026-10-01 01:38:52 JST START tests/test_tosan.mjs
END tests/test_tosan.mjs 0
2026-10-01 01:38:52 JST START tests/test_toushi_hub.mjs
END tests/test_toushi_hub.mjs 0
2026-10-01 01:38:52 JST START tests/test_tsukin_article.mjs
END tests/test_tsukin_article.mjs 0
2026-10-01 01:38:52 JST START tests/test_tsumitate.mjs
END tests/test_tsumitate.mjs 0
2026-10-01 01:38:52 JST START tests/test_uiux_0926.mjs
END tests/test_uiux_0926.mjs 0
2026-10-01 01:39:07 JST START tests/test_uiux_presentation.mjs
END tests/test_uiux_presentation.mjs 0
2026-10-01 01:39:19 JST START tests/test_uiux_retention.mjs
END tests/test_uiux_retention.mjs 0
2026-10-01 01:39:33 JST START tests/test_verified_content_dates.mjs
END tests/test_verified_content_dates.mjs 0
2026-10-01 01:39:37 JST START tests/test_x_link.mjs
END tests/test_x_link.mjs 0
2026-10-01 01:39:37 JST START tests/test_x_link_idempotent.mjs
END tests/test_x_link_idempotent.mjs 0
2026-10-01 01:39:38 JST START tests/test_x_share.mjs
END tests/test_x_share.mjs 0
2026-10-01 01:39:39 JST START tests/test_year_staleness.mjs
END tests/test_year_staleness.mjs 0
2026-10-01 01:39:40 JST START tests/test_yotei_nozei.mjs
END tests/test_yotei_nozei.mjs 0
2026-10-01 01:39:40 JST START tests/test_yukyu.mjs
END tests/test_yukyu.mjs 0
2026-10-01 01:39:40 JST START tests/test_yukyu_memo_page.mjs
END tests/test_yukyu_memo_page.mjs 0
2026-10-01 01:43:40 JST START tests/test_yukyu_quick.mjs
END tests/test_yukyu_quick.mjs 0
2026-10-01 01:43:40 JST START tests/test_zaishoku.mjs
END tests/test_zaishoku.mjs 0
2026-10-01 01:43:40 JST START tests/test_zangyodai.mjs
END tests/test_zangyodai.mjs 0
2026-10-01 01:43:40 JST START tests/test_zengin.mjs
END tests/test_zengin.mjs 0
2026-10-01 01:43:40 JST START tests/test_zengin_layout.mjs
END tests/test_zengin_layout.mjs 0
2026-10-01 01:43:40 JST START tests/test_zoyozei.mjs
END tests/test_zoyozei.mjs 0
2026-10-01 01:43:41 JST START tests/test_zoyozei_article.mjs
END tests/test_zoyozei_article.mjs 0
2026-10-01 01:43:41 JST START tests/test_zuiji_article.mjs
END tests/test_zuiji_article.mjs 0
2026-10-01 01:43:41 JST START tests/test_citation_date.py
END tests/test_citation_date.py 0
2026-10-01 01:43:41 JST START tests/test_citation_fetch.py
END tests/test_citation_fetch.py 0
2026-10-01 01:43:41 JST START tests/test_citation_monitor.py
END tests/test_citation_monitor.py 0
2026-10-01 01:43:41 JST START tests/test_import_citation_inventory.py
END tests/test_import_citation_inventory.py 0
2026-10-01 01:43:42 JST START tests/test_segments_cli.py
END tests/test_segments_cli.py 0
2026-10-01 01:43:56 JST START tests/test_source_pipeline.py
END tests/test_source_pipeline.py 0
2026-10-01 01:43:57 JST START tests/test_theme_round.py
END tests/test_theme_round.py 0
2026-10-01 01:43:59 JST START tests/test_theme_segments.py
END tests/test_theme_segments.py 0
COMPLETE 292 failed 7
