[
  { path: '/column/gensen-choshubo/', width: 390, issues: [] },
  { path: '/column/gensen-choshubo/', width: 1280, issues: [] },
  {
    path: '/column/nenmatsu-chosei-kanpukin/',
    width: 390,
    issues: [ [Object], [Object], [Object], [Object] ]
  },
  {
    path: '/column/nenmatsu-chosei-kanpukin/',
    width: 1280,
    issues: [ [Object], [Object], [Object], [Object] ]
  },
  {
    path: '/column/tokutei-shinzoku-tokubetsu-kojo/',
    width: 390,
    issues: []
  },
  {
    path: '/column/tokutei-shinzoku-tokubetsu-kojo/',
    width: 1280,
    issues: []
  },
  { path: '/fuyo-kojo/', width: 390, issues: [ [Object] ] },
  { path: '/fuyo-kojo/', width: 1280, issues: [ [Object] ] },
  { path: '/embed/fuyo-kojo/', width: 390, issues: [] },
  { path: '/embed/fuyo-kojo/', width: 1280, issues: [] }
]
