[
  {
    page: 'docs/aoiro-kojo/index.html',
    total: 183,
    covers: 111,
    verified: 80,
    nonclaims: 44,
    out_of_corpus: 28,
    unprocessed: 28,
    unclassified: 0
  },
  {
    page: 'docs/column/gyomuitaku-kakutei-shinkoku/index.html',
    total: 603,
    covers: 426,
    verified: 321,
    nonclaims: 137,
    out_of_corpus: 40,
    unprocessed: 40,
    unclassified: 0
  },
  {
    page: 'docs/column/hojokin-kojin-jigyonushi/index.html',
    total: 217,
    covers: 161,
    verified: 142,
    nonclaims: 44,
    out_of_corpus: 12,
    unprocessed: 12,
    unclassified: 0
  },
  {
    page: 'docs/column/jigyonushi-kashi-kari/index.html',
    total: 310,
    covers: 203,
    verified: 168,
    nonclaims: 62,
    out_of_corpus: 45,
    unprocessed: 45,
    unclassified: 0
  },
  {
    page: 'docs/embed/shokibo-kyosai/index.html',
    total: 17,
    covers: 4,
    verified: 3,
    nonclaims: 6,
    out_of_corpus: 7,
    unprocessed: 7,
    unclassified: 0
  },
  {
    page: 'docs/shokibo-kyosai/index.html',
    total: 263,
    covers: 169,
    verified: 121,
    nonclaims: 63,
    out_of_corpus: 31,
    unprocessed: 31,
    unclassified: 0
  }
]
OC preserved 161 remaining unresolved old IDs 0
