[
  {
    "page": "docs/aoiro-kojo/index.html",
    "total": 183,
    "covered": 111,
    "verified": 80,
    "nonclaims": 44,
    "unprocessed": 28
  },
  {
    "page": "docs/column/gyomuitaku-kakutei-shinkoku/index.html",
    "total": 603,
    "covered": 426,
    "verified": 321,
    "nonclaims": 137,
    "unprocessed": 40
  },
  {
    "page": "docs/column/hojokin-kojin-jigyonushi/index.html",
    "total": 217,
    "covered": 161,
    "verified": 142,
    "nonclaims": 44,
    "unprocessed": 12
  },
  {
    "page": "docs/column/jigyonushi-kashi-kari/index.html",
    "total": 310,
    "covered": 203,
    "verified": 168,
    "nonclaims": 62,
    "unprocessed": 45
  },
  {
    "page": "docs/embed/shokibo-kyosai/index.html",
    "total": 17,
    "covered": 4,
    "verified": 3,
    "nonclaims": 6,
    "unprocessed": 7
  },
  {
    "page": "docs/shokibo-kyosai/index.html",
    "total": 263,
    "covered": 169,
    "verified": 121,
    "nonclaims": 63,
    "unprocessed": 31
  }
]
unknown 0
