{
  checked: '2026-09-30T16:37:23.161Z',
  input_files_unchanged: 86,
  fixes: 63,
  independent_ok: 657,
  oc_preserved: 501,
  stats: [
    {
      page: 'docs/column/furikomi-hanei-jikan/index.html',
      total: 359,
      covered: 27,
      verified: 27,
      nonclaims: 90,
      unprocessed: 242,
      pending: 242
    },
    {
      page: 'docs/column/furikomi-tesuryo-hikaku/index.html',
      total: 654,
      covered: 307,
      verified: 266,
      nonclaims: 214,
      unprocessed: 133,
      pending: 133
    },
    {
      page: 'docs/column/zengin-format-guide/index.html',
      total: 645,
      covered: 382,
      verified: 364,
      nonclaims: 130,
      unprocessed: 133,
      pending: 133
    }
  ],
  result: 'pass'
}
