✅ 足切り[令和7年分まで] 年収1600000 → 総所得950000 → 足切り47500
✅ 足切り[令和8年分] 年収1600000 → 総所得860000 → 足切り43000(5%側)
✅ 足切り[令和7年分まで] 年収2000000 → 総所得1320000 → 足切り66000
✅ 足切り[令和8年分] 年収2000000 → 総所得1260000 → 足切り63000(5%側)
✅ 足切り[令和7年分まで] 年収2500000 → 総所得1670000 → 足切り83500
✅ 足切り[令和8年分] 年収2500000 → 総所得1670000 → 足切り83500(5%側)
✅ 足切り[令和7年分まで] 年収3000000 → 総所得2020000 → 足切り100000
✅ 足切り[令和8年分] 年収3000000 → 総所得2020000 → 足切り100000(10万で頭打ち)
✅ 足切り[令和7年分まで] 年収5000000 → 総所得3560000 → 足切り100000
✅ 足切り[令和8年分] 年収5000000 → 総所得3560000 → 足切り100000(10万で頭打ち)
✅ 令和8年分は収入220万円未満の足切りが必ず下がる（＝控除額が増える）
✅ 令和8年分でも収入220万円以上は令和7年分と完全に一致する（別表第五は不変）
✅ 医療費30万・補填0・年収500万 → 控除額20万
✅ 控除額20万・税率10% → 所得税20,000＋復興420＋住民税20,000 = 40,420
✅ 控除額20万・税率20% → 軽減額 60,840
✅ 医療費6万・年収160万[令和8年分] → 控除額17,000（10万円は下限ではない）
❌ r16 給与160万円のみは基礎控除104万円で所得税0、住民税の軽減目安5700円
   Expected values to be strictly deep-equal:
+ actual - expected

  [
+   2850,
+   60,
-   0,
-   0,
    5700,
+   8610
-   5700
  ]

✅ 補填ひも付き: 医療費27万(入院15万+通院12万)・入院給付20万 → 控除額20,000（総額から引く誤りなら0）
❌ 補填金あり・対象医療費未入力は計算しない
   Missing expected exception.
✅ 医療費300万・補填0・高所得 → 控除額は200万円で頭打ち
✅ セルフメディ: 購入3万 → 控除額18,000 / 購入20万 → 88,000で頭打ち
✅ ★通常とセルフメディは選択: セルフメディの控除額が大きければ selfmed を推奨
✅ 医療費が大きければ通常を推奨
❌ r16 所得税法89条の境界 1950000
   Expected values to be strictly equal:

10 !== 5

❌ r16 所得税法89条の境界 3300000
   Expected values to be strictly equal:

20 !== 10

❌ r16 所得税法89条の境界 6950000
   Expected values to be strictly equal:

23 !== 20

❌ r16 所得税法89条の境界 9000000
   Expected values to be strictly equal:

33 !== 23

❌ r16 所得税法89条の境界 18000000
   Expected values to be strictly equal:

40 !== 33

❌ r16 所得税法89条の境界 40000000
   Expected values to be strictly equal:

45 !== 40

❌ r16 表示区分は所得税法89条に一致
   Expected values to be strictly deep-equal:
+ actual - expected

  [
    '課税所得0円（所得税非課税）',
+   '195万円未満',
+   '195万円以上 330万円未満',
+   '330万円以上 695万円未満',
+   '695万円以上 900万円未満',
+   '900万円以上 1,800万円未満',
+   '1,800万円以上 4,000万円未満',
+   '4,000万円以上'
-   '195万円以下',
-   '195万円超 330万円以下',
-   '330万円超 695万円以下',
-   '695万円超 900万円以下',
-   '900万円超 1,800万円以下',
-   '1,800万円超 4,000万円以下',
-   '4,000万円超'
  ]

❌ 速算表: 課税所得の帯ごとに正しい限界税率を引く
   195万以上=10%

10 !== 5

✅ 税率未選択（速算表に無い率）→ keigen は null・控除額は計算する
✅ 総所得金額等の直接指定が年収より優先される
✅ 参照データ・所得の欠落は throw（黙って過大な控除額を出さない）
✅ 単調性: 足切りは非減少で10万円で頭打ち
✅ iryohiKojo: 補填で医療費を下回っても控除額は0未満にならない
✅ keigenGaku: 課税所得を跨がない範囲で控除額×率×(1+2.1%)＋10%
✅ r10 非課税なら所得税・復興税0、住民税だけ概算

❌ 医療費控除コア: 28 passed, 10 failed
