  更新: sitemap.xml
  更新: column/index.html
  ⚠️  除外(.nopublish): _figcheck_kkk — sitemap・一覧に載せていない
  ⚠️  除外(.nopublish): _figcheck_tmp — sitemap・一覧に載せていない
  ⚠️  除外(.nopublish): furusato-nozei-keisan — sitemap・一覧に載せていない
  ⚠️  除外(.nopublish): senpou-futan-3hoshiki — sitemap・一覧に載せていない
  ⚠️  除外(.nopublish): shakai-hokenryo-keisan — sitemap・一覧に載せていない
  ⚠️  除外(.nopublish): sozokuzei-ikura — sitemap・一覧に載せていない
  ⚠️  除外(.nopublish): tedori-keisan — sitemap・一覧に載せていない
  ⚠️  除外(.nopublish): zoyozei-ikura — sitemap・一覧に載せていない
✓ 記事 395本  [資産形成・投資 37 / 社会保険・年金 35 / 年末調整・源泉徴収・控除 68 / 相続税・贈与税 8 / 給与計算・手取り 47 / 健康保険・雇用保険・労災保険の給付 16 / 有給休暇・法定の休暇 6 / 消費税・インボイス 11 / 電子帳簿保存法 3 / 振込・支払の実務 31 / 給与計算の実務（会社側） 28 / 補助金の経理・税務 10 / 固定資産・減価償却 13 / 法人税・決算の実務 82]
✓ 対象475本 / 更新 6本 / datePublished無し 20本
gen_trust_footer: 対象 53本 / 書き換え 0本 / 日付を新規に置いた 0本
gen_data_source_note: _meta を持つデータ 39本 / 出典を出したページ 45本 / 書き換え 0本
✓ 領域橋は最新
node:internal/modules/run_main:105
    triggerUncaughtException(
    ^

AssertionError [ERR_ASSERTION]: tools/gen_index_sitemap.mjs --check が失敗しました。
✗ sitemap.xml が古い。node tools/gen_index_sitemap.mjs を流すこと
  → node tools/gen_index_sitemap.mjs を流してから commit すること
    at file:///Users/masahiroyasu/Scripts/keiri-tools-astra-r16-t14-a/tests/test_generators_fresh.mjs:49:12
    at ModuleJob.run (node:internal/modules/esm/module_job:365:25)
    at async onImport.tracePromise.__proto__ (node:internal/modules/esm/loader:665:26)
    at async asyncRunEntryPointWithESMLoader (node:internal/modules/run_main:99:5) {
  generatedMessage: false,
  code: 'ERR_ASSERTION',
  actual: undefined,
  expected: undefined,
  operator: 'fail'
}

Node.js v24.3.0
