  ✓ ベースライン: 無傷の記事は緑（検査は「常に赤」ではない）

  ✓ 捕捉: 表の実例を1円ずらす（6,320→6,300）
  ✓ 捕捉: 表の実例を壊す（7,930→7,940）
  ✓ 捕捉: オラクル統計の一致率を壊す（23.1%→33.1%）
  ✓ 捕捉: オラクル統計のセル数を壊す（5,080→5,000）
  ✓ 捕捉: 差の範囲を壊す（−310→−210）
  ✓ 捕捉: 乙欄の率を壊す（3.063%→3.603%）
  ✓ 捕捉: 告示の1人あたり控除額を壊す（31,667→31,666）
  ✓ 捕捉: 基礎控除を壊す（48,334→48,333）
  ✓ 捕捉: ★配偶者の所得要件を改正前に戻す（95万円→85万円）
  ✓ 捕捉: ★本人の所得要件を壊す（900万円→1,000万円）
  ✓ 捕捉: 特定親族の年齢を壊す（19歳以上23歳未満→18歳以上22歳未満）
  ✓ 捕捉: 1人あたりの減額を壊す（6,460→6,470）
  ✓ 捕捉: ★1,610円を「給与の額から」引くと書き換える（本文）
  ✓ 捕捉: ★引用を改ざん: 「税額から」→「給与等の金額から」（blockquote内）
  ✓ 捕捉: ★乙欄の0円例外を否定する
  ✓ 捕捉: ★特定親族の100万円と123万円を入れ替える（callout）
  ✓ 捕捉: ★16歳未満の「例外（障害者なら加算）」の段落を消す
  ✓ 捕捉: ★賞与の例外「10倍」を「5倍」にする（callout）
  ✓ 捕捉: ★丙欄: calloutの地の文「2か月を超えて働き続けたら」を3か月にする
  ✓ 捕捉: ★社会保険料等控除後の引用を「控除する前」に改ざん（blockquote内）
  ✓ 捕捉: ★比較表の「差の範囲」の行だけを壊す（−310→−300）
  ✓ 捕捉: ★比較表の実例の行を壊す（21,480→21,500）
  ✓ 捕捉: ★本文の実例だけを壊す（比較表の6,320は残す）
  ✓ 捕捉: ★丙欄: 引用の「継続して2か月」だけを3か月にする
  ✓ 捕捉: ★特例の適用範囲のcallout（甲欄限定）を消す
  ✓ 捕捉: 日額表の50円を壊す（50円→500円）
  ✓ 捕捉: ★次に読むの枠内に本文の段落を紛れ込ませる（除外範囲の監視）

27/27 を捕捉
✓ 壊しテスト: 全ての壊し方で赤になる
