ベースライン（無傷）を確認中…
  ✓ izoku_choki（無傷で緑）
  ✓ izoku（無傷で緑）
  ✓ izoku_otto（無傷で緑）
  ✓ izoku_65（無傷で緑）
  ✓ izoku_noinput（無傷で緑）
  ✓ tests/test_data_pages.mjs（無傷で緑）
  ✓ tests/test_year_staleness.mjs（無傷で緑）
  ✓ tests/test_enumeration_completeness.mjs（無傷で緑）
✅ 捕捉: ★★短期／長期の選択を渡し忘れる（長期要件にも300月みなしが効く）（izoku_choki）
✅ 捕捉: ★★短期／長期を常に「長期」に固定する（在職中の死亡を過少に答える）（izoku）
✅ 捕捉: ★子の人数を渡し忘れる（子のある世帯に遺族基礎年金が出ない）（izoku）
✅ 捕捉: ★★妻／夫を渡し忘れる（夫にも中高齢寡婦加算が付く）（izoku_otto）
✅ 捕捉: ★年齢を渡し忘れる（65歳以降の併給に入らない）（izoku_65）
✅ 捕捉: ★自分の老齢厚生年金を渡し忘れる（60条1項2号ロが効かない）（izoku_65）
✅ 捕捉: ★加入月数を渡し忘れる（遺族厚生年金が丸ごと消える）（izoku）
✅ 捕捉: ★★入力が空でも0円と答える（fail closed を外す）（izoku_noinput）
✅ 捕捉: ★参照データの到着を待たずに計算する（tests/test_data_pages.mjs）
✅ 捕捉: ★年度をページに直書きする（データが正本でなくなる）（tests/test_year_staleness.mjs）
✅ 捕捉: ★58条1項2号（資格喪失後5年以内）を列挙から落とす（tests/test_enumeration_completeness.mjs）
✅ 捕捉: ★中高齢寡婦加算の240月制限を列挙から落とす（tests/test_enumeration_completeness.mjs）

壊しテスト: 12/12 捕捉・素通し 0
exit=0
