✅ 新税率: 1.5L超2L以下=36,000／2.5L超3L以下=50,000／6L超=110,000／電気=25,000
✅ 新税率 全11区分が税率表と一致
✅ 旧税率: 1.5L超2L以下=39,500（新36,000と別）／2L超2.5L=45,000／6L超=111,000
✅ 新旧の境界: 2019-10は新税率・2019-09は旧税率
✅ 重課: 旧1.5L超2L(39,500)→45,400／2.5L超3L(51,000)→58,600／6L超(111,000)→127,600
✅ 重課 全区分（電気を除く10区分）が重課税額表と一致
✅ ★13年超でもハイブリッドは重課対象外＝標準税率のまま（jyukaBlocked）
✅ ★電気自動車は重課対象外（区分evは燃料に依らず重課しない）
✅ ★ディーゼルは11年超で重課（ガソリンの13年と別）
✅ 月割 月数: 4月→11 / 8月→7 / 12月→3 / 1月→2 / 2月→1 / 3月→0
✅ 月割額: 新1.5L超2L(36,000) 4月登録=33,000 / 8月=21,000 / 2月=3,000
✅ ★月割の100円未満切捨: 新2.5L超(43,500) 8月登録(7か月)=25,300（43,500×7/12=25,375→切捨）
✅ ★3月登録はその年度0円（翌年度から年額）
✅ 月割は標準税率に対して行う（重課年数でも新車の初年度は標準で月割）
✅ 軽 新税率10,800（H27.4.1以後）／旧7,200（以前）／重課12,900
✅ 軽の新旧境界: 2015-04は新10,800・2015-03は旧7,200
✅ ★軽のハイブリッド・電気は重課対象外
✅ ★軽自動車税に月割はない（prorateMonthを渡してもproration=null・注記を出す）
✅ 登録車は都道府県税・軽は市区町村税を taxKind で申告
✅ fail closed: データ無し・車種未選択・排気量未選択・初度登録年月なしは throw
✅ 単調性: 排気量が上がれば年額は非減少（新税率・旧税率・重課）
✅ R9 EV75%軽課は令和7年度初度登録の翌年度だけ
✅ 軽・2015年3月の旧税率7,200円は四輪以上に限定
✅ 軽・2015年4月の新税率10,800円は四輪以上に限定
✅ 3月新規登録0円の説明は翌4月1日の所有と軽課等を条件にする
✅ 4月新規登録の月割説明も翌年度の税額を無条件に断定しない
✅ 重課出力・登録車ディーゼル11年の基準日は4月1日
✅ 重課出力・軽の13年経過日の翌年度開始
✅ 登録車・2019年9月初度登録・1,000cc以下は旧税率29,500円
✅ 登録車・2019年10月初度登録・1,000cc以下は新税率25,000円
✅ 2月新規登録は翌月の3月分1か月、25,000円年額なら2,000円
✅ 3月新規登録は当年度の課税月0か月で0円

✓ 自動車税コア: 32 passed, 0 failed
