[
  {
    page: 'docs/furusato/index.html',
    before: {
      total: 399,
      covered: 256,
      verified: 156,
      nonclaims: 79,
      unprocessed: 64
    },
    after: {
      total: 398,
      covered: 254,
      verified: 197,
      nonclaims: 81,
      unprocessed: 63
    },
    fixed_unresolved: 36
  },
  {
    page: 'docs/embed/furusato/index.html',
    before: {
      total: 80,
      covered: 33,
      verified: 9,
      nonclaims: 37,
      unprocessed: 10
    },
    after: {
      total: 79,
      covered: 31,
      verified: 16,
      nonclaims: 38,
      unprocessed: 10
    },
    fixed_unresolved: 8
  },
  {
    page: 'docs/column/furusato-nozei-keisan/index.html',
    before: {
      total: 285,
      covered: 135,
      verified: 0,
      nonclaims: 0,
      unprocessed: 150
    },
    after: {
      total: 285,
      covered: 135,
      verified: 0,
      nonclaims: 0,
      unprocessed: 150
    },
    fixed_unresolved: 0
  }
]
