RED 住宅取得期限当日・翌日登記 Expected values to be strictly deep-equal:
+ actual - expected

  {
+   ok: false,
+   taxes: []
-   ok: true,
-   taxes: [
-     30000,
-     20000
-   ]
  }

RED 住宅取得から1年当日 Expected values to be strictly deep-equal:
+ actual - expected

  {
+   ok: false,
+   taxes: []
-   ok: true,
-   taxes: [
-     30000,
-     20000
-   ]
  }

RED 住宅取得から1年翌日・通常期限外 Expected values to be strictly deep-equal:
+ actual - expected

  {
+   ok: false,
+   taxes: []
-   ok: true,
-   taxes: [
-     200000,
-     80000
-   ]
  }

GREEN 新築取得期限翌日・未収録期間
(node:40827) [MODULE_TYPELESS_PACKAGE_JSON] Warning: Module type of file:///Users/masahiroyasu/Scripts/keiri-tools-astra-r16-t12-a/docs/assets/toroku_jutaku_core.js is not specified and it doesn't parse as CommonJS.
Reparsing as ES module because module syntax was detected. This incurs a performance overhead.
To eliminate this warning, add "type": "module" to /Users/masahiroyasu/package.json.
(Use `node --trace-warnings ...` to show where the warning was created)
