[
  {
    page: 'docs/column/fudosan-shutokuzei-shiwake/index.html',
    ok: 130,
    nonclaims: 49,
    oc: 21,
    pending: 0
  },
  {
    page: 'docs/column/kotei-shisanzei/index.html',
    ok: 138,
    nonclaims: 41,
    oc: 18,
    pending: 1
  },
  {
    page: 'docs/column/nozei-shomeisho/index.html',
    ok: 206,
    nonclaims: 48,
    oc: 24,
    pending: 0
  },
  {
    page: 'docs/column/shunyu-inshi-warihan/index.html',
    ok: 137,
    nonclaims: 61,
    oc: 35,
    pending: 1
  },
  {
    page: 'docs/column/toroku-menkyozei-nofu/index.html',
    ok: 172,
    nonclaims: 35,
    oc: 14,
    pending: 2
  },
  {
    page: 'docs/embed/inshi/index.html',
    ok: 27,
    nonclaims: 14,
    oc: 5,
    pending: 0
  },
  {
    page: 'docs/embed/jidoshazei/index.html',
    ok: 18,
    nonclaims: 23,
    oc: 7,
    pending: 0
  },
  {
    page: 'docs/fudosan-shutoku/index.html',
    ok: 159,
    nonclaims: 72,
    oc: 26,
    pending: 1
  },
  {
    page: 'docs/inshi/index.html',
    ok: 137,
    nonclaims: 48,
    oc: 13,
    pending: 2
  },
  {
    page: 'docs/jidoshazei/index.html',
    ok: 134,
    nonclaims: 50,
    oc: 26,
    pending: 4
  },
  {
    page: 'docs/sozoku-toki-menkyozei/index.html',
    ok: 77,
    nonclaims: 36,
    oc: 18,
    pending: 4
  },
  {
    page: 'docs/toroku-menkyozei/index.html',
    ok: 106,
    nonclaims: 60,
    oc: 21,
    pending: 6
  }
]
docs/column/fudosan-shutokuzei-shiwake/index.html pending 0
docs/column/kotei-shisanzei/index.html pending 0
docs/column/nozei-shomeisho/index.html pending 0
docs/column/shunyu-inshi-warihan/index.html pending 0
docs/column/toroku-menkyozei-nofu/index.html pending 0
docs/embed/inshi/index.html pending 0
docs/embed/jidoshazei/index.html pending 0
docs/fudosan-shutoku/index.html pending 0
docs/inshi/index.html pending 0
docs/jidoshazei/index.html pending 0
docs/sozoku-toki-menkyozei/index.html pending 0
docs/toroku-menkyozei/index.html pending 0
