{
  "count": 457,
  "sources": {
    "handmade": 1291,
    "body": 34,
    "editorial": 5
  },
  "top": [
    [
      "/shakai-hoken/",
      38
    ],
    [
      "/gensen-choshu/",
      33
    ],
    [
      "/hojinzei/",
      20
    ],
    [
      "/column/shogaku-genka-shokyaku/",
      19
    ],
    [
      "/column/hyojun-hoshu-gakuhyo/",
      15
    ],
    [
      "/tedori/",
      14
    ],
    [
      "/shohizei/",
      13
    ],
    [
      "/genka/",
      13
    ],
    [
      "/sozokuzei/",
      13
    ],
    [
      "/column/taishokukin-zeikin/",
      13
    ],
    [
      "/toushi/tsumitate/",
      13
    ],
    [
      "/column/nenmatsu-chosei-kakikata/",
      12
    ],
    [
      "/column/shakai-hoken-kanyu-joken/",
      11
    ],
    [
      "/column/aoiro-tokubetsu-kojo/",
      11
    ],
    [
      "/eigyobi/",
      11
    ],
    [
      "/column/koyou-hoken-kanyu-joken/",
      11
    ],
    [
      "/column/shoyo-shakaihoken/",
      11
    ],
    [
      "/juminzei/",
      10
    ],
    [
      "/column/yakuin-hoshu-kimekata/",
      10
    ],
    [
      "/column/taiyo-nensu/",
      10
    ]
  ],
  "unique": 357,
  "maxSameSet": 3,
  "sample": [
    {
      "path": "/column/seikyusho-kakikata/",
      "title": "請求書の書き方 — 出す義務を定めた法律は無い。それでも支払期限・時効・保存は条文で動く",
      "picks": [
        {
          "path": "/column/ryoshusho-kakikata/",
          "title": "領収書の書き方 — 「上様」でよいかは業種で決まる。宛名を省ける事業は政令に4号しかない"
        },
        {
          "path": "/column/nohinsho-toha/",
          "title": "納品書とは？出す義務のない書類が、条文には名指しで登場する"
        }
      ],
      "sources": [
        "handmade",
        "handmade"
      ]
    },
    {
      "path": "/column/dollar-cost-heikin/",
      "title": "ドルコスト平均法のデメリット — 一括投資との差は上位側ほど大きく、最悪の側では逆転する",
      "picks": [
        {
          "path": "/column/index-toushi/",
          "title": "インデックス投資とは — 平均が勝つ理由は算術であって、予測ではない"
        },
        {
          "path": "/toushi/tsumitate/",
          "title": "積立シミュレーター"
        },
        {
          "path": "/toushi/nisa-waku/",
          "title": "NISA残り枠計算機"
        }
      ],
      "sources": [
        "handmade",
        "handmade",
        "handmade"
      ]
    },
    {
      "path": "/seimei-hoken-kojo/",
      "title": "生命保険料控除シミュレーター",
      "picks": [
        {
          "path": "/ideco-setsuzei/",
          "title": "iDeCo節税シミュレーター"
        },
        {
          "path": "/fuyo-kojo/",
          "title": "扶養控除シミュレーター"
        },
        {
          "path": "/shokibo-kyosai/",
          "title": "小規模企業共済 節税シミュレーター"
        }
      ],
      "sources": [
        "handmade",
        "handmade",
        "handmade"
      ]
    },
    {
      "path": "/izoku/",
      "title": "遺族年金 計算機",
      "picks": [
        {
          "path": "/column/izoku-nenkin-jukyu-yoken/",
          "title": "遺族年金は誰が受け取れるか — 保険料納付・遺族の範囲・生計維持の3つの門を条文で確かめる"
        },
        {
          "path": "/nenkin/",
          "title": "年金はいくらもらえる？ 受給見込額 計算機"
        },
        {
          "path": "/sozokuzei/",
          "title": "相続税 計算機"
        }
      ],
      "sources": [
        "handmade",
        "body",
        "body"
      ]
    },
    {
      "path": "/column/einen-kinzoku-hyosho/",
      "title": "永年勤続表彰の記念品は課税されるか — 通達36-21に金額の上限は無い。効いているのは「換金性が無いこと」",
      "picks": [
        {
          "path": "/column/fukuri-koseihi/",
          "title": "福利厚生費とは — 法律に定義は無い。給与・交際費・寄附金から「除かれた残り」がこの科目になる"
        },
        {
          "path": "/column/kibiki-keicho-kyuka/",
          "title": "忌引き休暇（慶弔休暇）は何日？ — 法律に定めはない。それでも就業規則には書く義務がある"
        },
        {
          "path": "/column/taishokukin-zeikin/",
          "title": "退職金の税金｜いくら引かれる？計算方法と早見表【令和8年分】"
        }
      ],
      "sources": [
        "handmade",
        "handmade",
        "handmade"
      ]
    },
    {
      "path": "/column/sousai/",
      "title": "相殺とは — 相手の同意は要らない。ただし条件も期限も付けられず、賃金と差押禁止債権では止まる",
      "picks": [
        {
          "path": "/senpou-futan/",
          "title": "振込手数料「先方負担」計算ツール"
        },
        {
          "path": "/inshi/",
          "title": "収入印紙の金額 判定機＋印紙税額一覧表（全20号）"
        },
        {
          "path": "/column/naiyo-shomei/",
          "title": "内容証明郵便とは — 証明されるのは「出したこと」だけ。届いたことは350円で別に買う"
        }
      ],
      "sources": [
        "handmade",
        "handmade",
        "handmade"
      ]
    },
    {
      "path": "/column/shataku-chintairyo/",
      "title": "社宅の賃貸料相当額 — 従業員は「50%」で課税ゼロ。ただし社会保険に、その50%ルールは無い",
      "picks": [
        {
          "path": "/yakuin-shataku/",
          "title": "役員社宅の賃貸料相当額 計算ツール"
        },
        {
          "path": "/santei/",
          "title": "算定基礎届（定時決定）"
        },
        {
          "path": "/column/hyojun-hoshu-gakuhyo/",
          "title": "標準報酬月額表（等級表）【令和8年度・協会けんぽ東京都】保険料の実額つき"
        }
      ],
      "sources": [
        "handmade",
        "handmade",
        "handmade"
      ]
    },
    {
      "path": "/column/jikou-engyo/",
      "title": "時効の援用とは — 期間が過ぎただけでは債権は消えない。旧法か新法かを分けるのは請求日ではなく契約日",
      "picks": [
        {
          "path": "/column/naiyo-shomei/",
          "title": "内容証明郵便とは — 証明されるのは「出したこと」だけ。届いたことは350円で別に買う"
        },
        {
          "path": "/column/shiharai-tokusoku/",
          "title": "支払督促とは — 相手を呼び出さずに差押えの前提を作る手続。2週間の期限は2回あり、30日で失効する"
        },
        {
          "path": "/column/shogaku-sosho/",
          "title": "少額訴訟とは — 60万円以下を1回の期日で終える裁判。ただし相手は500円で普通の訴訟に戻せる"
        }
      ],
      "sources": [
        "handmade",
        "handmade",
        "handmade"
      ]
    },
    {
      "path": "/column/tsukin-teate-hikazei/",
      "title": "通勤手当・通勤費・交通費の非課税限度額｜車通勤・マイカー早見表【2026年改正】",
      "picks": [
        {
          "path": "/shakai-hoken/",
          "title": "社会保険料 計算機"
        },
        {
          "path": "/gensen-choshu/",
          "title": "源泉徴収税額 計算機"
        }
      ],
      "sources": [
        "handmade",
        "handmade"
      ]
    },
    {
      "path": "/column/shisan-jokyo-saimu/",
      "title": "資産除去債務とは — 法律には一度も出てこない。名前を与えているのは省令2本だけ",
      "picks": [
        {
          "path": "/column/taishaku-taishohyo-mikata/",
          "title": "貸借対照表の見方 — 「純資産＝自己資本」ではない。規則は4つに割っている"
        },
        {
          "path": "/column/genson-sonshitsu/",
          "title": "減損損失とは — 会計は「付さなければならない」、税務は「損金の額に算入しない」"
        },
        {
          "path": "/column/zeiko-kaikei/",
          "title": "税効果会計 — 納める税金は1円も変わらない。変わるのは「税引後」の見え方だけ"
        }
      ],
      "sources": [
        "handmade",
        "handmade",
        "handmade"
      ]
    },
    {
      "path": "/column/rakuten-orcan-vs-rakuten-vti/",
      "title": "楽天・プラス・オルカン vs 楽天VTI｜投資範囲と実績を比較",
      "picks": [
        {
          "path": "/column/rakuten-orcan-vs-rakuten-sp/",
          "title": "楽天・プラス・オルカン vs 楽天・プラス・S&P500｜投資範囲と実績を比較"
        },
        {
          "path": "/column/rakuten-vti-vs-rakuten-nasdaq/",
          "title": "楽天VTI vs 楽天・プラス・NASDAQ100｜構成・費用・実績を比較"
        },
        {
          "path": "/column/rakuten-vti-vs-sbi-nasdaq/",
          "title": "楽天VTI vs SBI NASDAQ100｜構成・費用・実績を比較"
        }
      ],
      "sources": [
        "handmade",
        "handmade",
        "handmade"
      ]
    },
    {
      "path": "/column/choikin-hikazei/",
      "title": "弔慰金はどこまで非課税か — 「3年分・半年分」は相続税法に一度も出てこない。死亡退職金の500万円枠との境界",
      "picks": [
        {
          "path": "/sozokuzei/",
          "title": "相続税 計算機"
        },
        {
          "path": "/column/sozoku-hoki/",
          "title": "相続放棄の期限と手続き — 「3か月」は死亡日から数えない。放棄しても消えない義務が民法940条に残る"
        },
        {
          "path": "/column/yakuin-taishokukin/",
          "title": "役員退職金と損金算入 — 「功績倍率」は法人税法にも施行令にも一度も出てこない"
        }
      ],
      "sources": [
        "handmade",
        "handmade",
        "handmade"
      ]
    },
    {
      "path": "/column/ichiji-shotoku/",
      "title": "一時所得とは｜満期保険金・懸賞金の計算と50万円控除",
      "picks": [
        {
          "path": "/column/kakutei-shinkoku-yarikata/",
          "title": "確定申告のやり方｜初めての準備・作成・提出・納税の流れ"
        },
        {
          "path": "/column/shokibo-kyosai-uketori/",
          "title": "小規模企業共済は出口が4通りある — 元本割れしうるのは任意解約が典型で、所得区分も分かれる"
        },
        {
          "path": "/column/yotei-nozei-toha/",
          "title": "予定納税とは — 15万円以上で7月と11月に3分の1ずつ。株の譲渡益は基準額に入らない"
        }
      ],
      "sources": [
        "handmade",
        "handmade",
        "handmade"
      ]
    },
    {
      "path": "/column/orcan-vs-rakuten-vti/",
      "title": "eMAXIS Slimオルカン vs 楽天VTI｜投資範囲と実績を比較",
      "picks": [
        {
          "path": "/column/rakuten-sp-vs-rakuten-vti/",
          "title": "楽天・プラス・S&P500 vs 楽天VTI｜構成・費用・実績を比較"
        },
        {
          "path": "/column/sbi-sp-vs-rakuten-vti/",
          "title": "SBI・V・S&P500 vs 楽天VTI｜構成・費用・実績を比較"
        },
        {
          "path": "/column/rakuten-vti-vs-fang/",
          "title": "楽天VTI vs iFreeNEXT FANG+｜構成・費用・実績を比較"
        }
      ],
      "sources": [
        "handmade",
        "handmade",
        "handmade"
      ]
    },
    {
      "path": "/column/shokuji-hojo/",
      "title": "食事補助はいくらまで非課税か — 所得税は50%で7,500円、社会保険は3分の2。同じ日に両方が改正された",
      "picks": [
        {
          "path": "/column/fukuri-koseihi/",
          "title": "福利厚生費とは — 法律に定義は無い。給与・交際費・寄附金から「除かれた残り」がこの科目になる"
        },
        {
          "path": "/column/shain-ryoko/",
          "title": "社員旅行は経費になるか — 4泊5日と参加50%は通達2行だけ。少額不追求はそこに書かれていない"
        },
        {
          "path": "/column/shataku-chintairyo/",
          "title": "社宅の賃貸料相当額 — 従業員は「50%」で課税ゼロ。ただし社会保険に、その50%ルールは無い"
        }
      ],
      "sources": [
        "handmade",
        "handmade",
        "handmade"
      ]
    },
    {
      "path": "/column/hojinzei-ritsu/",
      "title": "法人税率は何％？23.2%・15%・17%の使い分けと、2026年4月から始まる防衛特別法人税",
      "picks": [
        {
          "path": "/hojinzei/",
          "title": "法人税の簡易計算"
        },
        {
          "path": "/column/chinage-sokushin-zeisei/",
          "title": "賃上げ促進税制（旧・所得拡大促進税制）｜中小15%＋上乗せと5年繰越の要件"
        }
      ],
      "sources": [
        "handmade",
        "handmade"
      ]
    },
    {
      "path": "/column/shoyo-gensen-shotokuzei/",
      "title": "賞与の源泉所得税｜前月給与がない・扶養人数が変わった場合",
      "picks": [
        {
          "path": "/bonus-tedori/",
          "title": "ボーナス手取り計算機"
        },
        {
          "path": "/gensen-choshu/",
          "title": "源泉徴収税額 計算機"
        },
        {
          "path": "/column/shoyo-shakaihoken/",
          "title": "賞与（ボーナス）の社会保険料｜上限・計算方法・免除されるケース"
        }
      ],
      "sources": [
        "handmade",
        "handmade",
        "handmade"
      ]
    },
    {
      "path": "/column/gensen-choshuhyo-mikata/",
      "title": "源泉徴収票の見方｜「給与所得控除後の金額」「所得控除の額の合計額」とは",
      "picks": [
        {
          "path": "/gensen-choshu/",
          "title": "源泉徴収税額 計算機"
        },
        {
          "path": "/shakai-hoken/",
          "title": "社会保険料 計算機"
        },
        {
          "path": "/column/shoyo-shakaihoken/",
          "title": "賞与（ボーナス）の社会保険料｜上限・計算方法・免除されるケース"
        }
      ],
      "sources": [
        "handmade",
        "handmade",
        "handmade"
      ]
    },
    {
      "path": "/column/naiyo-shomei/",
      "title": "内容証明郵便とは — 証明されるのは「出したこと」だけ。届いたことは350円で別に買う",
      "picks": [
        {
          "path": "/column/shiharai-tokusoku/",
          "title": "支払督促とは — 相手を呼び出さずに差押えの前提を作る手続。2週間の期限は2回あり、30日で失効する"
        },
        {
          "path": "/column/shogaku-sosho/",
          "title": "少額訴訟とは — 60万円以下を1回の期日で終える裁判。ただし相手は500円で普通の訴訟に戻せる"
        },
        {
          "path": "/eigyobi/",
          "title": "日数計算・営業日計算"
        }
      ],
      "sources": [
        "handmade",
        "handmade",
        "handmade"
      ]
    },
    {
      "path": "/column/yukyu-fuyo-nissu/",
      "title": "有給休暇の付与日数｜勤続年数ごとの一覧表と、出勤率8割・時効2年の落とし穴",
      "picks": [
        {
          "path": "/yukyu/",
          "title": "有給休暇の付与日数 計算機"
        },
        {
          "path": "/column/part-yukyu/",
          "title": "パート・アルバイトの有給休暇｜週3日・週4日は何日もらえるか"
        },
        {
          "path": "/column/yukyu-nen5ka/",
          "title": "有給休暇「年5日の取得義務」とは｜罰則・対象者・半休の扱い"
        }
      ],
      "sources": [
        "handmade",
        "handmade",
        "handmade"
      ]
    }
  ]
}
