node:internal/modules/run_main:107
    triggerUncaughtException(
    ^

AssertionError [ERR_ASSERTION]: kihonteate-input-390.png: 2.96% pixels changed (limit 1%)
kihonteate-table-390.png: dimensions 356x565 vs 356x566
tedori-footer-1280.png: 1.16% pixels changed (limit 1%)
tedori-footer-390.png: 1.06% pixels changed (limit 1%)
iryohi-top-1280.png: 1.92% pixels changed (limit 1%)
iryohi-top-390.png: 2.08% pixels changed (limit 1%)
shobyo-faq-390.png: dimensions 358x1492 vs 358x1491
article-1280.png: 1.13% pixels changed (limit 1%)
investment-compare-1280.png: 1.24% pixels changed (limit 1%)
embed-help-390.png: 2.12% pixels changed (limit 1%)
toc-pr-1280.png: 1.35% pixels changed (limit 1%)
See /Users/masahiroyasu/Scripts/keiri-tools-rail-toc/.layout-artifacts

11 !== 0

    at file:///Users/masahiroyasu/Scripts/keiri-tools-rail-toc/tests/test_layout_visual.mjs:25:8 {
  generatedMessage: false,
  code: 'ERR_ASSERTION',
  actual: 11,
  expected: 0,
  operator: 'strictEqual',
  diff: 'simple'
}

Node.js v26.7.0
