✅ 記事の網羅: 索引 393件 = 記事フォルダ 393件
✅ ツールの網羅: 索引 67件 = ツールフォルダ 67件
✅ 記事 /column/36-kyotei/ が索引にある
✅ 記事 /column/ai-keiri-hanjidoka/ が索引にある
✅ 記事 /column/angoshisan-zeikin/ が索引にある
✅ 記事 /column/anzen-eisei-iinkai/ が索引にある
✅ 記事 /column/anzen-eisei-suishinsha/ が索引にある
✅ 記事 /column/anzen-hairyo-gimu/ が索引にある
✅ 記事 /column/aoiro-shonin-shinseisho/ が索引にある
✅ 記事 /column/aoiro-tokubetsu-kojo/ が索引にある
✅ 記事 /column/assyuku-kicho-houshiki/ が索引にある
✅ 記事 /column/azukarikin/ が索引にある
✅ 記事 /column/career-up-joseikin/ が索引にある
✅ 記事 /column/cash-flow-keisansho/ が索引にある
✅ 記事 /column/chidai-yachin/ が索引にある
✅ 記事 /column/chinage-sokushin-zeisei/ が索引にある
✅ 記事 /column/chingin-daicho/ が索引にある
✅ 記事 /column/choikin-hikazei/ が索引にある
✅ 記事 /column/chokai-shobun/ が索引にある
✅ 記事 /column/chukan-shinkoku/ が索引にある
✅ 記事 /column/chumon-ukesho/ が索引にある
✅ 記事 /column/chushajodai-kanjo-kamoku/ が索引にある
✅ 記事 /column/chusho-keiei-kyoka-zeisei/ が索引にある
✅ 記事 /column/chusho-toshi-sokushin-zeisei/ が索引にある
✅ 記事 /column/chutaikyo/ が索引にある
✅ 記事 /column/dattai-ichijikin/ が索引にある
✅ 記事 /column/denchoho-kensaku-yoken/ が索引にある
✅ 記事 /column/denchoho-scanner-hozon/ が索引にある
✅ 記事 /column/denchoho-wakariyasuku/ が索引にある
✅ 記事 /column/doitsu-rodo-doitsu-chingin/ が索引にある
✅ 記事 /column/dollar-cost-heikin/ が索引にある
✅ 記事 /column/dozoku-kaisha/ が索引にある
✅ 記事 /column/eigyobi-kazoekata/ が索引にある
✅ 記事 /column/einen-kinzoku-hyosho/ が索引にある
✅ 記事 /column/emaxis-sp-vs-fang/ が索引にある
✅ 記事 /column/emaxis-sp-vs-rakuten-nasdaq/ が索引にある
✅ 記事 /column/emaxis-sp-vs-rakuten-vti/ が索引にある
✅ 記事 /column/emaxis-sp-vs-sbi-nasdaq/ が索引にある
✅ 記事 /column/emaxis-sp-vs-sbi-sp/ が索引にある
✅ 記事 /column/emaxis-topix-vs-nikkei/ が索引にある
✅ 記事 /column/factoring-toha/ が索引にある
✅ 記事 /column/fang-leverage-cost/ が索引にある
✅ 記事 /column/fang-vs-sbi-nasdaq/ が索引にある
✅ 記事 /column/flextime/ が索引にある
✅ 記事 /column/fudosan-shutokuzei-shiwake/ が索引にある
✅ 記事 /column/fufuku-moshitate/ が索引にある
✅ 記事 /column/fukugyo-20man-kakutei-shinkoku/ が索引にある
✅ 記事 /column/fukugyo-rodojikan-tsusan/ が索引にある
✅ 記事 /column/fukuri-koseihi/ が索引にある
✅ 記事 /column/furikae-kyujitsu-daikyu/ が索引にある
✅ 記事 /column/furikomi-furikae-chigai/ が索引にある
✅ 記事 /column/furikomi-hanei-jikan/ が索引にある
✅ 記事 /column/furikomi-tesuryo-hikaku/ が索引にある
✅ 記事 /column/furikomi-tesuryo-kanjo-kamoku/ が索引にある
✅ 記事 /column/furusato-nozei-kakutei-shinkoku/ が索引にある
✅ 記事 /column/fuyo-kojo-shinkokusho/ が索引にある
✅ 記事 /column/gaichuhi-kyuyo-kubun/ が索引にある
✅ 記事 /column/gaika-kansan/ が索引にある
✅ 記事 /column/gaikei-hyojun-kazei/ が索引にある
✅ 記事 /column/gaikoku-zeigaku-kojo/ が索引にある
✅ 記事 /column/gasolindai-kanjo-kamoku/ が索引にある
✅ 記事 /column/genka-keisan/ が索引にある
✅ 記事 /column/genka-shokyaku-ruikeigaku/ が索引にある
✅ 記事 /column/genka-shokyaku-toha/ が索引にある
✅ 記事 /column/genkin-suitocho-kakikata/ が索引にある
✅ 記事 /column/gensen-choshubo/ が索引にある
✅ 記事 /column/gensen-choshuhyo-mikata/ が索引にある
✅ 記事 /column/gensen-shotokuzei-nofusho/ が索引にある
✅ 記事 /column/gensen-shotokuzei-noki-tokurei/ が索引にある
✅ 記事 /column/gensen-zeigakuhyo-mikata/ が索引にある
✅ 記事 /column/gensen-zeigakuhyo-r09/ が索引にある
✅ 記事 /column/genshi/ が索引にある
✅ 記事 /column/genson-sonshitsu/ が索引にある
✅ 記事 /column/gisou-ukeoi/ が索引にある
✅ 記事 /column/group-hojin-zeisei/ が索引にある
✅ 記事 /column/gyomu-kaizen-joseikin/ が索引にある
✅ 記事 /column/gyomuitaku-kakutei-shinkoku/ が索引にある
✅ 記事 /column/haigusha-kyojuken/ が索引にある
✅ 記事 /column/haigusha-tokubetsu-kojo/ が索引にある
✅ 記事 /column/haitokin-kakutei-shinkoku/ が索引にある
✅ 記事 /column/haken-3nen-teishokubi/ が索引にある
✅ 記事 /column/henkei-roudou-jikan/ が索引にある
✅ 記事 /column/hifuyosha-ido-todoke/ が索引にある
✅ 記事 /column/hitori-oyakata-rosai/ が索引にある
✅ 記事 /column/hojin-jigyo-gaikyo-setsumeisho/ が索引にある
✅ 記事 /column/hojin-nari/ が索引にある
✅ 記事 /column/hojinzei-ritsu/ が索引にある
✅ 記事 /column/hojinzei-toha/ が索引にある
✅ 記事 /column/hojokin-asshuku-gendogaku/ が索引にある
✅ 記事 /column/hojokin-kojin-jigyonushi/ が索引にある
✅ 記事 /column/hojokin-koteishisan-genka-shokyaku/ が索引にある
✅ 記事 /column/hojokin-shiwake/ が索引にある
✅ 記事 /column/hojokin-shohizei/ が索引にある
✅ 記事 /column/hojokin-tokubetsu-kanjo/ が索引にある
✅ 記事 /column/hokenryo-kojo-shinkokusho/ が索引にある
✅ 記事 /column/hotei-fukurihi-keisan/ が索引にある
✅ 記事 /column/hotei-koyoritsu/ が索引にある
✅ 記事 /column/hotei-sozoku-joho-ichiranzu/ が索引にある
✅ 記事 /column/hoteichosho-goukeihyo/ が索引にある
✅ 記事 /column/hyojun-hoshu-gakuhyo/ が索引にある
✅ 記事 /column/ichiji-shotoku/ が索引にある
✅ 記事 /column/ideco-nenmatsu-chosei/ が索引にある
✅ 記事 /column/ifreenext-fang-vs-rakuten-nasdaq/ が索引にある
✅ 記事 /column/ikuji-jitan-kyufukin/ が索引にある
✅ 記事 /column/ikuji-kyugyo-kyufukin/ が索引にある
✅ 記事 /column/ikukyu-nenmatsu-chosei/ が索引にある
✅ 記事 /column/index-toushi/ が索引にある
✅ 記事 /column/invesco-sekai-vs-emaxis-orcan/ が索引にある
✅ 記事 /column/invoice-2wari-tokurei/ が索引にある
✅ 記事 /column/invoice-wakariyasuku/ が索引にある
✅ 記事 /column/iryohi-kojo-ikura-kara/ が索引にある
✅ 記事 /column/isan-bunkatsu-kyogisho/ が索引にある
✅ 記事 /column/izoku-nenkin-jukyu-yoken/ が索引にある
✅ 記事 /column/jigyo-joto/ が索引にある
✅ 記事 /column/jigyo-shokei-zeisei/ が索引にある
✅ 記事 /column/jigyonushi-kashi-kari/ が索引にある
✅ 記事 /column/jigyoshozei/ が索引にある
✅ 記事 /column/jikou-engyo/ が索引にある
✅ 記事 /column/jinzai-kaihatsu-joseikin/ が索引にある
✅ 記事 /column/jishin-hokenryo-kojo/ が索引にある
✅ 記事 /column/josei-katsuyaku-suishinho/ が索引にある
✅ 記事 /column/jugyoin-mochikabukai/ が索引にある
✅ 記事 /column/juminzei-hikazei-border/ が索引にある
✅ 記事 /column/juminzei-kettei-tsuchisho/ が索引にある
✅ 記事 /column/juminzei-tokubetsu-choshu/ が索引にある
✅ 記事 /column/junkakutei-shinkoku/ が索引にある
✅ 記事 /column/jutaku-kojo-shinkokusho/ が索引にある
✅ 記事 /column/jutaku-loan-kojo-yoken/ が索引にある
✅ 記事 /column/kabunushi-shihon-hendo-keisansho/ が索引にある
✅ 記事 /column/kabunushi-soukai-gijiroku/ が索引にある
✅ 記事 /column/kaigo-hokenryo-itsukara/ が索引にある
✅ 記事 /column/kaigo-kyugyo-kyufukin/ が索引にある
✅ 記事 /column/kaigyo-todoke/ が索引にある
✅ 記事 /column/kaiko-yokoku-teate/ が索引にある
✅ 記事 /column/kaisha-seisan/ が索引にある
✅ 記事 /column/kaisha-setsuritsu/ が索引にある
✅ 記事 /column/kaji-anbun/ が索引にある
✅ 記事 /column/kakutei-kyoshutsu-nenkin/ が索引にある
✅ 記事 /column/kakutei-shinkoku-hitsuyo-shorui/ が索引にある
✅ 記事 /column/kakutei-shinkoku-ikurakara/ が索引にある
✅ 記事 /column/kakutei-shinkoku-itsumade/ が索引にある
✅ 記事 /column/kakutei-shinkoku-kanpukin-itsu/ が索引にある
✅ 記事 /column/kakutei-shinkoku-sumaho/ が索引にある
✅ 記事 /column/kakutei-shinkoku-yarikata/ が索引にある
✅ 記事 /column/kakutei-shinkoku-yuso/ が索引にある
✅ 記事 /column/kakutei-shinkoku-zeirishi-hiyo/ が索引にある
✅ 記事 /column/kakyu-nenkin/ が索引にある
✅ 記事 /column/kanai-rodosha-tokurei/ が索引にある
✅ 記事 /column/kango-kaigo-kyuka/ が索引にある
✅ 記事 /column/kani-kazei/ が索引にある
✅ 記事 /column/kanjo-kamoku-ichiran/ が索引にある
✅ 記事 /column/kanjo-kamoku-uchiwakesho/ が索引にある
✅ 記事 /column/kanri-kantokusha/ が索引にある
✅ 記事 /column/karibaraikin-kariukekin/ が索引にある
✅ 記事 /column/kashidaore-hikiatekin/ が索引にある
✅ 記事 /column/kashidaore-sonshitsu/ が索引にある
✅ 記事 /column/kasuhara/ が索引にある
✅ 記事 /column/kazei-uriage-wariai/ が索引にある
✅ 記事 /column/keiei-jiko-shinsa/ が索引にある
✅ 記事 /column/keiei-safety-kyosai-shiwake/ が索引にある
✅ 記事 /column/keiri-nenkan-schedule/ が索引にある
✅ 記事 /column/kekkin-kojo-keisan/ が索引にある
✅ 記事 /column/kenko-hoken-nini-keizoku/ が索引にある
✅ 記事 /column/kenko-shindan/ が索引にある
✅ 記事 /column/kensetsu-karikanjo/ が索引にある
✅ 記事 /column/kensetsugyo-kyoka/ が索引にある
✅ 記事 /column/kessan-kokoku/ が索引にある
✅ 記事 /column/kessan-seiri-shiwake/ が索引にある
✅ 記事 /column/kessan-shoyo/ が索引にある
✅ 記事 /column/kibiki-keicho-kyuka/ が索引にある
✅ 記事 /column/kifukin-kojo/ が索引にある
✅ 記事 /column/kigyo-ban-furusato-nozei/ が索引にある
✅ 記事 /column/kigyogata-dc-taishoku/ が索引にある
✅ 記事 /column/kinmukan-interval/ が索引にある
✅ 記事 /column/kodomo-kosodate-kyoshutsukin/ が索引にある
✅ 記事 /column/kodomo-kosodate-shienkin/ が索引にある
✅ 記事 /column/kogaku-ryoyohi/ が索引にある
✅ 記事 /column/kogitte/ が索引にある
✅ 記事 /column/kojin-jigyozei/ が索引にある
✅ 記事 /column/kokoku-sendenhi/ が索引にある
✅ 記事 /column/kokuho-hokenryo/ が索引にある
✅ 記事 /column/kosaihi-kaigihi-chigai/ が索引にある
✅ 記事 /column/kosei-shosho/ が索引にある
✅ 記事 /column/kotei-shisan-daicho/ が索引にある
✅ 記事 /column/kotei-shisanzei/ が索引にある
✅ 記事 /column/kotei-zangyodai/ が索引にある
✅ 記事 /column/kotora-sokin/ が索引にある
✅ 記事 /column/kounenrei-koyou-keizoku/ が索引にある
✅ 記事 /column/kounenrei-kyushokusha-kyufukin/ が索引にある
✅ 記事 /column/koyou-hoken-hihokenshasho/ が索引にある
✅ 記事 /column/koyou-hoken-kanyu-joken/ が索引にある
✅ 記事 /column/koyou-hokenryo-ritsu/ が索引にある
✅ 記事 /column/koza-furikae-iraisho/ が索引にある
✅ 記事 /column/kumimodoshi/ が索引にある
✅ 記事 /column/kurikoshi-kessonkin/ が索引にある
✅ 記事 /column/kurinobe-shisan/ が索引にある
✅ 記事 /column/kyogyo-hishi-gimu/ が索引にある
✅ 記事 /column/kyoiku-kunren-kyufukin/ が索引にある
✅ 記事 /column/kyosankin-kanjo-kamoku/ が索引にある
✅ 記事 /column/kyugyo-teate/ が索引にある
✅ 記事 /column/kyujitsu-shukkin-teate/ が索引にある
✅ 記事 /column/kyukei-jikan/ が索引にある
✅ 記事 /column/kyushoku-shakai-hokenryo/ が索引にある
✅ 記事 /column/kyuyo-keisan-machigai-teisei/ が索引にある
✅ 記事 /column/kyuyo-keisan-yarikata/ が索引にある
✅ 記事 /column/kyuyo-kojo-dekirumono/ が索引にある
✅ 記事 /column/kyuyo-meisai-mikata/ が索引にある
✅ 記事 /column/kyuyo-sashiosae/ が索引にある
✅ 記事 /column/kyuyo-shiharai-hokokusho/ が索引にある
✅ 記事 /column/kyuyo-shiharai-jimusho-kaisetsu/ が索引にある
✅ 記事 /column/lease-torihiki-zeimu/ が索引にある
✅ 記事 /column/maebarai-hiyo/ が索引にある
✅ 記事 /column/maeukekin/ が索引にある
✅ 記事 /column/maina-hokensho/ が索引にある
✅ 記事 /column/matahara/ が索引にある
✅ 記事 /column/miharai-hiyo-miharaikin/ が索引にある
✅ 記事 /column/mimoto-hosho/ が索引にある
✅ 記事 /column/minashi-haito/ が索引にある
✅ 記事 /column/mitsumorisho-kakikata/ が索引にある
✅ 記事 /column/muki-tenkan/ が索引にある
✅ 記事 /column/naitei-torikeshi/ が索引にある
✅ 記事 /column/naiyo-shomei/ が索引にある
✅ 記事 /column/nenkin-jukyusha-kakutei-shinkoku/ が索引にある
✅ 記事 /column/nenkin-seikatsusha-shien-kyufukin/ が索引にある
✅ 記事 /column/nenkin-techo-haishi/ が索引にある
✅ 記事 /column/nenkin-teikibin-mikata/ が索引にある
✅ 記事 /column/nenmatsu-chosei-itsumade/ が索引にある
✅ 記事 /column/nenmatsu-chosei-kakikata/ が索引にある
✅ 記事 /column/nenmatsu-chosei-kanpukin/ が索引にある
✅ 記事 /column/nenpousei/ が索引にある
✅ 記事 /column/nenshu-no-kabe/ が索引にある
✅ 記事 /column/nisa-kakutei-shinkoku/ が索引にある
✅ 記事 /column/nohinsho-toha/ が索引にある
✅ 記事 /column/noren/ が索引にある
✅ 記事 /column/nozei-shomeisho/ が索引にある
✅ 記事 /column/okuyuki-kakaku-hoseiritsu/ が索引にある
✅ 記事 /column/orcan-hikaku/ が索引にある
✅ 記事 /column/orcan-sp500-holding-period/ が索引にある
✅ 記事 /column/orcan-sp500-recovery-days/ が索引にある
✅ 記事 /column/orcan-vs-emaxis-sp/ が索引にある
✅ 記事 /column/orcan-vs-rakuten-vti/ が索引にある
✅ 記事 /column/part-yukyu/ が索引にある
✅ 記事 /column/pay-easy/ が索引にある
✅ 記事 /column/rakuten-bull-vs-sbi-bull/ が索引にある
✅ 記事 /column/rakuten-nasdaq-vs-sbi-nasdaq/ が索引にある
✅ 記事 /column/rakuten-orcan-vs-invesco/ が索引にある
✅ 記事 /column/rakuten-orcan-vs-rakuten-sp/ が索引にある
✅ 記事 /column/rakuten-orcan-vs-rakuten-vti/ が索引にある
✅ 記事 /column/rakuten-sp-vs-fang/ が索引にある
✅ 記事 /column/rakuten-sp-vs-rakuten-nasdaq/ が索引にある
✅ 記事 /column/rakuten-sp-vs-rakuten-vti/ が索引にある
✅ 記事 /column/rakuten-sp-vs-sbi-nasdaq/ が索引にある
✅ 記事 /column/rakuten-sp-vs-sbi-sp/ が索引にある
✅ 記事 /column/rakuten-vti-vs-fang/ が索引にある
✅ 記事 /column/rakuten-vti-vs-rakuten-nasdaq/ が索引にある
✅ 記事 /column/rakuten-vti-vs-sbi-nasdaq/ が索引にある
✅ 記事 /column/rakuten-vti-vs-sbi-vti/ が索引にある
✅ 記事 /column/refresh-kyuka/ が索引にある
✅ 記事 /column/reverse-charge/ が索引にある
✅ 記事 /column/rishokuhyo/ が索引にある
✅ 記事 /column/rodo-hoken-nendo-koshin/ が索引にある
✅ 記事 /column/rosai-hokenryoritsu/ が索引にある
✅ 記事 /column/rosai-kyugyo-hosho/ が索引にある
✅ 記事 /column/roudou-hoken-bango/ が索引にある
✅ 記事 /column/roudou-joken-tsuchisho/ が索引にある
✅ 記事 /column/roudousha-meibo/ が索引にある
✅ 記事 /column/roudousha-shishobyo-houkoku/ が索引にある
✅ 記事 /column/ryohi-kotsuhi/ が索引にある
✅ 記事 /column/ryoshusho-kakikata/ が索引にある
✅ 記事 /column/sairyo-roudou/ が索引にある
✅ 記事 /column/saishushoku-teate/ が索引にある
✅ 記事 /column/sango-papa-ikukyu/ が索引にある
✅ 記事 /column/sangyoi/ が索引にある
✅ 記事 /column/sanzen-sango-kyugyo/ が索引にある
✅ 記事 /column/sbi-gold-vs-mufg-gold/ が索引にある
✅ 記事 /column/sbi-sp-vs-fang/ が索引にある
✅ 記事 /column/sbi-sp-vs-rakuten-nasdaq/ が索引にある
✅ 記事 /column/sbi-sp-vs-rakuten-vti/ が索引にある
✅ 記事 /column/sbi-sp-vs-sbi-nasdaq/ が索引にある
✅ 記事 /column/seikyusho-kakikata/ が索引にある
✅ 記事 /column/seimei-hokenryo-kojo/ が索引にある
✅ 記事 /column/sentan-setsubi-dounyu-keikaku/ が索引にある
✅ 記事 /column/shain-ryoko/ が索引にある
✅ 記事 /column/shakai-hoken-fuyo-joken/ が索引にある
✅ 記事 /column/shakai-hoken-kanyu-joken/ が索引にある
✅ 記事 /column/shakai-hokenryo-choshu-jiki/ が索引にある
✅ 記事 /column/shakai-hokenryo-kojo/ が索引にある
✅ 記事 /column/shakuchiken-sozoku/ が索引にある
✅ 記事 /column/shataku-chintairyo/ が索引にある
✅ 記事 /column/shayosha-shutoku-kagaku/ が索引にある
✅ 記事 /column/shiharai-chosho/ が索引にある
✅ 記事 /column/shiharai-tokusoku/ が索引にある
✅ 記事 /column/shiharai-tsuchisho/ が索引にある
✅ 記事 /column/shihonkin/ が索引にある
✅ 記事 /column/shikaku-kakuninsho/ が索引にある
✅ 記事 /column/shikikin-hoshokin/ が索引にある
✅ 記事 /column/shinya-teate/ が索引にある
✅ 記事 /column/shiroiro-shinkoku/ が索引にある
✅ 記事 /column/shisan-jokyo-saimu/ が索引にある
✅ 記事 /column/shisanhyo-mikata/ が索引にある
✅ 記事 /column/shitaukeho-toritekiho/ が索引にある
✅ 記事 /column/shitsugyo-hoken-keisan/ が索引にある
✅ 記事 /column/shiwakecho/ が索引にある
✅ 記事 /column/shiyo-kikan/ が索引にある
✅ 記事 /column/shiyonin-kenmu-yakuin/ が索引にある
✅ 記事 /column/shobyo-teate-kin/ が索引にある
✅ 記事 /column/shobyo-teate-kin-shinseisho/ が索引にある
✅ 記事 /column/shogai-nenkin-kingaku/ が索引にある
✅ 記事 /column/shogaku-genka-shokyaku/ が索引にある
✅ 記事 /column/shogaku-sosho/ が索引にある
✅ 記事 /column/shoguchi-genkin/ が索引にある
✅ 記事 /column/shohizei-hasu-shori/ が索引にある
✅ 記事 /column/shohizei-kanpu/ が索引にある
✅ 記事 /column/shohizei-zeiritsu/ が索引にある
✅ 記事 /column/shokibo-kyosai-uketori/ が索引にある
✅ 記事 /column/shokuji-hojo/ が索引にある
✅ 記事 /column/shokyaku-shisanzei/ が索引にある
✅ 記事 /column/shomohinhi/ が索引にある
✅ 記事 /column/shotoku-kingaku-chosei-kojo/ が索引にある
✅ 記事 /column/shotokuzei-ritsu/ が索引にある
✅ 記事 /column/shoyo-gensen-shotokuzei/ が索引にある
✅ 記事 /column/shoyo-shakaihoken/ が索引にある
✅ 記事 /column/shoyo-shiharaitodoke/ が索引にある
✅ 記事 /column/shueki-ninshiki-kijun/ が索引にある
✅ 記事 /column/shugyo-kisoku/ が索引にある
✅ 記事 /column/shukkin-denpyo/ が索引にある
✅ 記事 /column/shukkinbo/ が索引にある
✅ 記事 /column/shukko-zeimu/ が索引にある
✅ 記事 /column/shunyu-inshi-warihan/ が索引にある
✅ 記事 /column/shunyu-shotoku-chigai/ が索引にある
✅ 記事 /column/shusei-shinkoku-kosei-seikyu/ が索引にある
✅ 記事 /column/shussan-ikuji-ichijikin/ が索引にある
✅ 記事 /column/shussan-teate-kin/ が索引にある
✅ 記事 /column/shutcho-nittou-ryohi-kitei/ が索引にある
✅ 記事 /column/shuzenhi-shihonteki-shishutsu/ が索引にある
✅ 記事 /column/soneki-bunkiten/ が索引にある
✅ 記事 /column/soneki-keisansho-mikata/ が索引にある
✅ 記事 /column/soukanjo-motocho-kakikata/ が索引にある
✅ 記事 /column/sousai/ が索引にある
✅ 記事 /column/sozei-koka/ が索引にある
✅ 記事 /column/sozoku-hoki/ が索引にある
✅ 記事 /column/sp500-hikaku/ が索引にある
✅ 記事 /column/spot-work-romu/ が索引にある
✅ 記事 /column/stock-option-zeikin/ が索引にある
✅ 記事 /column/taishaku-taishohyo-mikata/ が索引にある
✅ 記事 /column/taishoku-gensen-choshuhyo/ が索引にある
✅ 記事 /column/taishoku-kansho/ が索引にある
✅ 記事 /column/taishoku-shomeisho/ が索引にある
✅ 記事 /column/taishoku-shotoku-shinkokusho/ が索引にある
✅ 記事 /column/taishoku-yukyu-shoka/ が索引にある
✅ 記事 /column/taishokukin-soba/ が索引にある
✅ 記事 /column/taishokukin-zeikin/ が索引にある
✅ 記事 /column/taishokutodoke-kakikata/ が索引にある
✅ 記事 /column/taiyo-nensu/ が索引にある
✅ 記事 /column/tanaoroshi-hyoka-hoho/ が索引にある
✅ 記事 /column/tanaoroshi-kaitenritsu/ が索引にある
✅ 記事 /column/tatekaekin-seisansho/ が索引にある
✅ 記事 /column/tegata-toha/ が索引にある
✅ 記事 /column/teigaku-genzei-reiwa8/ が索引にある
✅ 記事 /column/teiji-kettei/ が索引にある
✅ 記事 /column/toki-jiko-shomeisho/ が索引にある
✅ 記事 /column/tokubetsu-shikyu-rourei-kosei-nenkin/ が索引にある
✅ 記事 /column/tokutei-koza-gensen-ari/ が索引にある
✅ 記事 /column/tokutei-shinzoku-tokubetsu-kojo/ が索引にある
✅ 記事 /column/tokutei-shishutsu-kojo/ が索引にある
✅ 記事 /column/toroku-menkyozei-nofu/ が索引にある
✅ 記事 /column/tsukin-saigai/ が索引にある
✅ 記事 /column/tsukin-teate-hikazei/ が索引にある
✅ 記事 /column/tsukitochu-nyusha-taishoku-kyuyo/ が索引にある
✅ 記事 /column/tsushinhi/ が索引にある
✅ 記事 /column/uketori-haito-ekikin-fusannyu/ が索引にある
✅ 記事 /column/uriage-genka/ が索引にある
✅ 記事 /column/urikake-mishunyukin-mishushueki/ が索引にある
✅ 記事 /column/yachin-shunyu-kakutei-shinkoku/ が索引にある
✅ 記事 /column/yakuin-hoshu-kimekata/ が索引にある
✅ 記事 /column/yakuin-kariirekin/ が索引にある
✅ 記事 /column/yakuin-koyou-hoken/ が索引にある
✅ 記事 /column/yakuin-shakai-hoken/ が索引にある
✅ 記事 /column/yakuin-taishokukin/ が索引にある
✅ 記事 /column/yotei-nozei-toha/ が索引にある
✅ 記事 /column/yukyu-fuyo-nissu/ が索引にある
✅ 記事 /column/yukyu-kaitori/ が索引にある
✅ 記事 /column/yukyu-nen5ka/ が索引にある
✅ 記事 /column/zandaka-shomeisho/ が索引にある
✅ 記事 /column/zangyodai-keisan/ が索引にある
✅ 記事 /column/zasson-kojo/ が索引にある
✅ 記事 /column/zatsushunyu/ が索引にある
✅ 記事 /column/zeiko-kaikei/ が索引にある
✅ 記事 /column/zeimu-chosa/ が索引にある
✅ 記事 /column/zeimu-dairi-kengen-shosho/ が索引にある
✅ 記事 /column/zeinuki-zeikomi-keiri/ が索引にある
✅ 記事 /column/zengin-format-guide/ が索引にある
✅ 記事 /column/zesei-kankoku/ が索引にある
✅ 記事 /column/zoyo-keiyakusho/ が索引にある
✅ 記事 /column/zuiji-kaitei/ が索引にある
✅ ツール /aoiro-kojo/ が索引にある
✅ ツール /bonus-tedori/ が索引にある
✅ ツール /chukai-tesuryo/ が索引にある
✅ ツール /denchoho-index/ が索引にある
✅ ツール /eigyobi/ が索引にある
✅ ツール /fudosan-jouto/ が索引にある
✅ ツール /fudosan-shutoku/ が索引にある
✅ ツール /furusato/ が索引にある
✅ ツール /fuyo-kojo/ が索引にある
✅ ツール /genka/ が索引にある
✅ ツール /gensen-choshu/ が索引にある
✅ ツール /gensen-hyo/ が索引にある
✅ ツール /haigusha-kojo/ が索引にある
✅ ツール /hikazei-setai/ が索引にある
✅ ツール /hitorioya-kojo/ が索引にある
✅ ツール /hojinzei/ が索引にある
✅ ツール /hojokin/ が索引にある
✅ ツール /hojokin-zeimu/ が索引にある
✅ ツール /hotei-fukuri/ が索引にある
✅ ツール /ideco-setsuzei/ が索引にある
✅ ツール /ikuji/ が索引にある
✅ ツール /inshi/ が索引にある
✅ ツール /invoice-bangou/ が索引にある
✅ ツール /iryohi/ が索引にある
✅ ツール /iryubun/ が索引にある
✅ ツール /izoku/ が索引にある
✅ ツール /jidoshazei/ が索引にある
✅ ツール /jishin-hoken-kojo/ が索引にある
✅ ツール /juminzei/ が索引にある
✅ ツール /jutaku/ が索引にある
✅ ツール /kabe/ が索引にある
✅ ツール /kihonteate/ が索引にある
✅ ツール /kinro-gakusei/ が索引にある
✅ ツール /kogaku-ryoyohi/ が索引にある
✅ ツール /kokuho/ が索引にある
✅ ツール /kokunen-menjo/ が索引にある
✅ ツール /kotei-shisanzei/ が索引にある
✅ ツール /nenkin/ が索引にある
✅ ツール /nenshu/ が索引にある
✅ ツール /papa-ikukyu/ が索引にある
✅ ツール /saishushoku/ が索引にある
✅ ツール /saitei-chingin/ が索引にある
✅ ツール /santei/ が索引にある
✅ ツール /seimei-hoken-kojo/ が索引にある
✅ ツール /seizen-zoyo/ が索引にある
✅ ツール /senpou-futan/ が索引にある
✅ ツール /shakai-hoken/ が索引にある
✅ ツール /shiharai-site/ が索引にある
✅ ツール /shobyo/ が索引にある
✅ ツール /shohizei/ が索引にある
✅ ツール /shokibo-kyosai/ が索引にある
✅ ツール /shokibo-takuchi/ が索引にある
✅ ツール /shussan/ が索引にある
✅ ツール /sozoku-toki-menkyozei/ が索引にある
✅ ツール /sozokuzei/ が索引にある
✅ ツール /taishokukin/ が索引にある
✅ ツール /tedori/ が索引にある
✅ ツール /toroku-menkyozei/ が索引にある
✅ ツール /tosan-boshi-kyosai/ が索引にある
✅ ツール /toushi/ が索引にある
✅ ツール /yakuin-shataku/ が索引にある
✅ ツール /yotei-nozei/ が索引にある
✅ ツール /yukyu/ が索引にある
✅ ツール /zaishoku/ が索引にある
✅ ツール /zangyodai/ が索引にある
✅ ツール /zengin-kana/ が索引にある
✅ ツール /zoyozei/ が索引にある
✅ 全記事に関連ツール(tool-cta)が紐づいている
✅ 全ツールの tool は自分自身(＝計算ツールCTAを出せる)
✅ 「ボーナス 保険料」→ 上位に /column/shoyo-shakaihoken/ 等 [best=136.7] 実際=/column/shoyo-shakaihoken/ /bonus-tedori/ /shakai-hoken/
✅ 「ボーナスの社会保険料はいくら引かれる？」→ 上位に /column/shoyo-shakaihoken/ 等 [best=272.4] 実際=/column/shoyo-shakaihoken/ /column/kaigo-hokenryo-itsukara/ /shakai-hoken/
✅ 「ふるさと納税 いくらまで」→ 上位に /furusato/ 等 [best=363.2] 実際=/furusato/ /column/kigyo-ban-furusato-nozei/ /column/furusato-nozei-kakutei-shinkoku/
✅ 「ふるさと納税の上限は？」→ 上位に /furusato/ 等 [best=244.7] 実際=/furusato/ /column/kotei-shisanzei/
✅ 「失業保険 いくら」→ 上位に /column/shitsugyo-hoken-keisan/ 等 [best=153.4] 実際=/kihonteate/ /column/shitsugyo-hoken-keisan/ /shakai-hoken/
✅ 「有給 何日」→ 上位に /column/yukyu-fuyo-nissu/ 等 [best=24.1] 実際=/column/part-yukyu/ /column/kibiki-keicho-kyuka/
✅ 「手取り 計算」→ 上位に /tedori/ 等 [best=51.8] 実際=/tedori/ /bonus-tedori/ /column/ikuji-kyugyo-kyufukin/
✅ 「バイト 有給」→ 上位に /column/part-yukyu/ 等 [best=51.6] 実際=/column/part-yukyu/ /column/yukyu-nen5ka/ /yukyu/
✅ 「退職金 税金」→ 上位に /taishokukin/ 等 [best=75.2] 実際=/column/taishokukin-zeikin/ /taishokukin/ /column/yakuin-taishokukin/
✅ 「インボイスってなに」→ 上位に /column/invoice-wakariyasuku/ 等 [best=130.9] 実際=/column/invoice-wakariyasuku/ /invoice-bangou/ /column/invoice-2wari-tokurei/
✅ 「電帳法 索引簿」→ 上位に /denchoho-index/ 等 [best=97.3] 実際=/denchoho-index/ /column/denchoho-kensaku-yoken/
✅ 「産休 手当」→ 上位に /shussan/ 等 [best=12.5] 実際=/shussan/ /column/shussan-teate-kin/ /column/kaigo-kyugyo-kyufukin/
✅ 「育休 いくら」→ 上位に /column/ikuji-kyugyo-kyufukin/ 等 [best=34.5] 実際=/papa-ikukyu/ /column/sango-papa-ikukyu/ /column/ikukyu-nenmatsu-chosei/
✅ 「住民税 いくら」→ 上位に /juminzei/ 等 [best=69.6] 実際=/juminzei/ /hikazei-setai/ /column/juminzei-hikazei-border/
✅ 「医療費控除 いくらから」→ 上位に /column/iryohi-kojo-ikura-kara/ 等 [best=325.6] 実際=/column/iryohi-kojo-ikura-kara/ /iryohi/ /column/junkakutei-shinkoku/
✅ 「住宅ローン控除の計算」→ 上位に /jutaku/ 等 [best=59.9] 実際=/jutaku/ /column/jutaku-loan-kojo-yoken/ /column/jutaku-kojo-shinkokusho/
✅ 「源泉徴収票の見方」→ 上位に /column/gensen-choshuhyo-mikata/ 等 [best=360.8] 実際=/column/gensen-choshuhyo-mikata/ /gensen-hyo/ /column/taishoku-gensen-choshuhyo/
✅ 「振込手数料 勘定科目」→ 上位に /column/furikomi-tesuryo-kanjo-kamoku/ 等 [best=406.6] 実際=/column/furikomi-tesuryo-kanjo-kamoku/ /column/chushajodai-kanjo-kamoku/ /column/kanjo-kamoku-ichiran/
✅ 「カナ変換」→ 上位に /zengin-kana/ 等 [best=53.5] 実際=/zengin-kana/ /column/furikomi-furikae-chigai/ /column/furikomi-hanei-jikan/
✅ 「年収の壁」→ 上位に /column/nenshu-no-kabe/ 等 [best=101.5] 実際=/column/nenshu-no-kabe/ /kabe/ /column/nenmatsu-chosei-kakikata/
✅ 「みなし残業」→ 上位に /column/kotei-zangyodai/ 等 [best=256.6] 実際=/column/kotei-zangyodai/ /zangyodai/ /column/nenpousei/
✅ 「出産一時金」→ 上位に /column/shussan-ikuji-ichijikin/ 等 [best=155.9] 実際=/column/shussan-ikuji-ichijikin/ /column/dattai-ichijikin/ /column/kounenrei-kyushokusha-kyufukin/
✅ 「交通費 非課税」→ 上位に /column/tsukin-teate-hikazei/ 等 [best=110.9] 実際=/column/tsukin-teate-hikazei/ /column/ryohi-kotsuhi/ /column/chushajodai-kanjo-kamoku/
✅ 「残業代の計算」→ 上位に /zangyodai/ 等 [best=294.0] 実際=/column/zangyodai-keisan/ /zangyodai/ /column/kotei-zangyodai/
✅ 「銀行振込」→ 振込手数料一覧が1位 [実際=/column/furikomi-tesuryo-hikaku/ /column/furikomi-furikae-chigai/ /column/furikomi-hanei-jikan/]
✅ 「銀行振込」→ 反映時間・振込と振替の違いも候補に残る
✅ 1位精度「インボイスってなに」→ /column/invoice-wakariyasuku/ [実際=/column/invoice-wakariyasuku/ /invoice-bangou/ /column/invoice-2wari-tokurei/]
✅ 1位精度「ボーナスの社会保険料はいくら引かれる？」→ /column/shoyo-shakaihoken/ [実際=/column/shoyo-shakaihoken/ /column/kaigo-hokenryo-itsukara/ /shakai-hoken/]
✅ 1位精度「住民税 いくら」→ /juminzei/ [実際=/juminzei/ /hikazei-setai/ /column/juminzei-hikazei-border/]
✅ 1位精度「みなし残業代の仕組みが分かりません」→ /column/kotei-zangyodai/ [実際=/column/kotei-zangyodai/ /zangyodai/ /column/zangyodai-keisan/]
✅ 主題のない選び方「パソコンの選び方を教えて」は matched:false
✅ 丁寧な長文「源泉徴収票の見方を教えてください」→ 上位に /column/gensen-choshuhyo-mikata/ 等 [best=345.7] 実際=/column/gensen-choshuhyo-mikata/ /gensen-hyo/ /column/taishoku-gensen-choshuhyo/
✅ 丁寧な長文「アルバイトでも有給休暇はもらえるのでしょうか」→ 上位に /column/part-yukyu/ 等 [best=363.6] 実際=/column/part-yukyu/ /column/yukyu-nen5ka/ /yukyu/
✅ 丁寧な長文「電子帳簿保存法の索引簿の作り方を教えてください」→ 上位に /denchoho-index/ 等 [best=504.7] 実際=/denchoho-index/ /column/denchoho-kensaku-yoken/
✅ 丁寧な長文「医療費控除はいくらから使えるのでしょうか」→ 上位に /column/iryohi-kojo-ikura-kara/ 等 [best=321.3] 実際=/column/iryohi-kojo-ikura-kara/ /iryohi/ /column/junkakutei-shinkoku/
✅ 丁寧な長文「残業代の正しい計算のしかたを教えてください」→ 上位に /column/zangyodai-keisan/ 等 [best=92.9] 実際=/column/zangyodai-keisan/ /zangyodai/ /column/kotei-zangyodai/
✅ 丁寧な長文「出産育児一時金はいくらもらえますか」→ 上位に /column/shussan-ikuji-ichijikin/ 等 [best=350.4] 実際=/column/shussan-ikuji-ichijikin/
✅ 丁寧な長文「振込手数料の勘定科目は何になりますか」→ 上位に /column/furikomi-tesuryo-kanjo-kamoku/ 等 [best=516.7] 実際=/column/furikomi-tesuryo-kanjo-kamoku/ /column/chushajodai-kanjo-kamoku/ /column/kanjo-kamoku-ichiran/
✅ 丁寧な長文「失業保険はいくらもらえるのか計算したい」→ 上位に /column/shitsugyo-hoken-keisan/ 等 [best=352.4] 実際=/column/shitsugyo-hoken-keisan/ /column/ikuji-jitan-kyufukin/ /column/saishushoku-teate/
✅ 丁寧な長文「固定資産税の計算方法を教えてください」→ 上位に /kotei-shisanzei/ 等 [best=439.3] 実際=/column/kotei-shisanzei/ /kotei-shisanzei/ /column/shokyaku-shisanzei/
✅ 丁寧な長文「小規模企業共済の節税効果を知りたいです」→ 上位に /shokibo-kyosai/ 等 [best=330.0] 実際=/shokibo-kyosai/ /column/shokibo-kyosai-uketori/ /ideco-setsuzei/
✅ 丁寧な長文「高額療養費はいくら戻ってくるのでしょうか」→ 上位に /kogaku-ryoyohi/ 等 [best=482.1] 実際=/kogaku-ryoyohi/ /column/kogaku-ryoyohi/
✅ 丁寧な長文「相続税はいくらかかるのか知りたい」→ 上位に /sozokuzei/ 等 [best=115.1] 実際=/sozokuzei/ /column/haigusha-kyojuken/ /column/zoyo-keiyakusho/
✅ 丁寧な長文「印紙税はいくら貼ればいいですか」→ 上位に /inshi/ 等 [best=87.0] 実際=/inshi/ /column/shunyu-inshi-warihan/ /column/chumon-ukesho/
✅ 丁寧な長文「iDeCoの節税額はどれくらいですか」→ 上位に /ideco-setsuzei/ 等 [best=67.8] 実際=/ideco-setsuzei/ /column/ideco-nenmatsu-chosei/ /taishokukin/
✅ 丁寧な長文「ふるさと納税はいくらまでできるのか教えてください」→ 上位に /furusato/ 等 [best=250.7] 実際=/furusato/ /column/kigyo-ban-furusato-nozei/ /column/furusato-nozei-kakutei-shinkoku/
✅ 丁寧な長文「育児休業給付金はいくらもらえるのか教えて」→ 上位に /column/ikuji-kyugyo-kyufukin/ 等 [best=358.0] 実際=/column/ikuji-jitan-kyufukin/ /ikuji/ /column/ikuji-kyugyo-kyufukin/
✅ 丁寧な長文「育休はいくらもらえるの？」→ 上位に /column/ikuji-kyugyo-kyufukin/ 等 [best=34.6] 実際=/ikuji/ /column/sango-papa-ikukyu/ /column/ikuji-kyugyo-kyufukin/
✅ 丁寧な長文「通勤手当は非課税になるのでしょうか」→ 上位に /column/tsukin-teate-hikazei/ 等 [best=186.5] 実際=/column/tsukin-teate-hikazei/ /column/ryohi-kotsuhi/ /column/chushajodai-kanjo-kamoku/
✅ 丁寧な長文「青色申告特別控除はいくらになりますか」→ 上位に /aoiro-kojo/ 等 [best=322.1] 実際=/column/aoiro-tokubetsu-kojo/ /aoiro-kojo/ /column/shiroiro-shinkoku/
✅ 丁寧な長文「社会保険料はいつから引かれるのでしょうか」→ 上位に /column/kaigo-hokenryo-itsukara/ 等 [best=350.7] 実際=/column/kaigo-hokenryo-itsukara/ /column/sanzen-sango-kyugyo/ /column/shakai-hokenryo-choshu-jiki/
✅ 丁寧な長文「扶養に入れる条件を教えてほしい」→ 上位に /column/shakai-hoken-fuyo-joken/ 等 [best=51.6] 実際=/column/shakai-hoken-fuyo-joken/ /column/hifuyosha-ido-todoke/ /column/fudosan-shutokuzei-shiwake/
✅ 丁寧な長文「確定申告が必要なのはどんな人ですか」→ 上位に /column/fukugyo-20man-kakutei-shinkoku/ 等 [best=108.6] 実際=/column/kakutei-shinkoku-ikurakara/ /column/fukugyo-20man-kakutei-shinkoku/ /column/kakutei-shinkoku-hitsuyo-shorui/
✅ 丁寧な長文「産休中にもらえる手当について教えてほしいです」→ 上位に /shussan/ 等 [best=73.7] 実際=/ikuji/ /shussan/ /papa-ikukyu/
✅ 丁寧な長文「退職金にかかる税金の計算方法を知りたいのですが」→ 上位に /column/taishokukin-zeikin/ 等 [best=155.3] 実際=/column/taishokukin-zeikin/ /taishokukin/ /column/yukyu-kaitori/
✅ 丁寧な長文「年収の壁について詳しく知りたいのですが」→ 上位に /column/nenshu-no-kabe/ 等 [best=42.1] 実際=/column/nenmatsu-chosei-kakikata/ /column/ikukyu-nenmatsu-chosei/ /column/nenshu-no-kabe/
✅ 丁寧な長文「住民税はいくらぐらいになるのか知りたいです」→ 上位に /juminzei/ 等 [best=56.5] 実際=/hikazei-setai/ /juminzei/ /column/taishoku-shotoku-shinkokusho/
✅ 丁寧な長文「ボーナスの手取りが知りたい」→ 上位に /bonus-tedori/ 等 [best=115.1] 実際=/bonus-tedori/ /nenshu/ /column/shoyo-shakaihoken/
✅ 無関係「今日の天気」は matched:false [best=0.0]
✅ 無関係「おすすめの映画」は matched:false [best=0.0]
✅ 無関係「旅行の予約」は matched:false [best=0.0]
✅ 無関係「宇宙旅行の予約方法」は matched:false [best=0.0]
✅ 無関係「カレーの作り方」は matched:false [best=0.0]
✅ 無関係「カレーの作り方の方法」は matched:false [best=0.0]
✅ 無関係「おすすめの映画の見方」は matched:false [best=0.0]
✅ 無関係「引っ越しの方法を教えて」は matched:false [best=0.0]
✅ 無関係「英会話の勉強の方法」は matched:false [best=0.0]
✅ 無関係「筋トレの効果的なやり方」は matched:false [best=0.0]
✅ 無関係「ダイエットの方法を教えてください」は matched:false [best=0.0]
✅ 無関係「引っ越しの見積もりの取り方」は matched:false [best=0.0]
✅ 無関係「スマホの機種変更の方法」は matched:false [best=0.0]
✅ 無関係「車の保険の選び方」は matched:false [best=0.0]
✅ 無関係「犬のしつけの仕方」は matched:false [best=0.0]
✅ 無関係「ゲームの攻略方法」は matched:false [best=0.0]
✅ 無関係「髪型の変え方」は matched:false [best=0.0]
✅ 無関係「家の掃除のコツ」は matched:false [best=0.0]
✅ 無関係「結婚式の準備の進め方」は matched:false [best=0.0]
✅ 無関係「資格の勉強時間の目安」は matched:false [best=0.0]
✅ 無関係「野球の試合の結果を教えて」は matched:false [best=0.0]
✅ 無関係「恋愛の相談にのってください」は matched:false [best=0.0]
✅ 無関係「英語の勉強のやり方を知りたい」は matched:false [best=0.0]
✅ 無関係「ラーメンのおいしい店の探し方」は matched:false [best=0.0]
✅ gen_qa_index.mjs --check が緑(索引は最新)

all qa tests passed (記事393/ツール67)
