docs/column/denchoho-kensaku-yoken/index.html 6 sizes
docs/column/denchoho-scanner-hozon/index.html 6 sizes
docs/column/denchoho-wakariyasuku/index.html 6 sizes
docs/column/fang-leverage-cost/index.html 6 sizes
docs/column/gensen-choshuhyo-mikata/index.html 6 sizes
docs/column/hoteichosho-goukeihyo/index.html 6 sizes
docs/column/hyojun-hoshu-gakuhyo/index.html 6 sizes
docs/column/index.html 6 sizes
docs/column/kaigo-hokenryo-itsukara/index.html 6 sizes
docs/column/kibiki-keicho-kyuka/index.html 6 sizes
docs/column/kyugyo-teate/index.html 6 sizes
docs/column/kyuyo-shiharai-hokokusho/index.html 6 sizes
docs/column/orcan-hikaku/index.html 6 sizes
docs/column/orcan-sp500-recovery-days/index.html 6 sizes
docs/column/roudousha-meibo/index.html 6 sizes
docs/column/sbi-gold-vs-mufg-gold/index.html 6 sizes
docs/column/shiharai-chosho/index.html 6 sizes
docs/column/shiyo-kikan/index.html 6 sizes
docs/column/tsukitochu-nyusha-taishoku-kyuyo/index.html 6 sizes
docs/embed/shakai-hoken/index.html 6 sizes
docs/shakai-hoken/index.html 6 sizes
docs/yukyu/index.html 6 sizes
PASS 22 pages / 132 viewports
