warning segments docs/column/chingin-daicho/index.html: 61/127 covered, 57 nonclaims, 9 unprocessed
✓ docs/column/chingin-daicho/index.html（ページ全体）
warning segments docs/column/kekkin-kojo-keisan/index.html: 39/107 covered, 37 nonclaims, 31 unprocessed
✓ docs/column/kekkin-kojo-keisan/index.html（ページ全体）
warning segments docs/column/kotei-zangyodai/index.html: 131/188 covered, 49 nonclaims, 8 unprocessed
✓ docs/column/kotei-zangyodai/index.html（ページ全体）
warning segments docs/column/kyuyo-kojo-dekirumono/index.html: 75/114 covered, 35 nonclaims, 4 unprocessed
✓ docs/column/kyuyo-kojo-dekirumono/index.html（ページ全体）
warning segments docs/column/kyuyo-meisai-mikata/index.html: 136/228 covered, 64 nonclaims, 28 unprocessed
✓ docs/column/kyuyo-meisai-mikata/index.html（ページ全体）
warning segments docs/column/rosai-hokenryoritsu/index.html: 411/529 covered, 93 nonclaims, 25 unprocessed
✓ docs/column/rosai-hokenryoritsu/index.html（ページ全体）
warning segments docs/column/roudousha-meibo/index.html: 267/338 covered, 39 nonclaims, 32 unprocessed
✓ docs/column/roudousha-meibo/index.html（ページ全体）
warning segments docs/column/shataku-chintairyo/index.html: 194/268 covered, 59 nonclaims, 15 unprocessed
✓ docs/column/shataku-chintairyo/index.html（ページ全体）
warning segments docs/column/shinya-teate/index.html: 232/354 covered, 90 nonclaims, 32 unprocessed
✓ docs/column/shinya-teate/index.html（ページ全体）
warning segments docs/column/zangyodai-keisan/index.html: 295/426 covered, 116 nonclaims, 15 unprocessed
✓ docs/column/zangyodai-keisan/index.html（ページ全体）
warning segments docs/embed/zangyodai/index.html: 2/24 covered, 16 nonclaims, 6 unprocessed
✓ docs/embed/zangyodai/index.html（ページ全体）
warning segments docs/saitei-chingin/index.html: 216/279 covered, 47 nonclaims, 16 unprocessed
✓ docs/saitei-chingin/index.html（ページ全体）
warning segments docs/yakuin-shataku/index.html: 48/93 covered, 29 nonclaims, 16 unprocessed
✓ docs/yakuin-shataku/index.html（ページ全体）
warning segments docs/zangyodai/index.html: 36/82 covered, 25 nonclaims, 21 unprocessed
✓ docs/zangyodai/index.html（ページ全体）
