warning segments docs/column/chingin-daicho/index.html: 0/127 covered, 0 nonclaims, 127 unprocessed
✓ docs/column/chingin-daicho/index.html（ページ全体）
warning segments docs/column/kekkin-kojo-keisan/index.html: 0/106 covered, 0 nonclaims, 106 unprocessed
✓ docs/column/kekkin-kojo-keisan/index.html（ページ全体）
warning segments docs/column/kotei-zangyodai/index.html: 0/186 covered, 0 nonclaims, 186 unprocessed
✓ docs/column/kotei-zangyodai/index.html（ページ全体）
warning segments docs/column/kyuyo-kojo-dekirumono/index.html: 0/113 covered, 0 nonclaims, 113 unprocessed
✓ docs/column/kyuyo-kojo-dekirumono/index.html（ページ全体）
warning segments docs/column/kyuyo-meisai-mikata/index.html: 0/227 covered, 0 nonclaims, 227 unprocessed
✓ docs/column/kyuyo-meisai-mikata/index.html（ページ全体）
warning segments docs/column/rosai-hokenryoritsu/index.html: 0/525 covered, 0 nonclaims, 525 unprocessed
✓ docs/column/rosai-hokenryoritsu/index.html（ページ全体）
warning segments docs/column/roudousha-meibo/index.html: 0/333 covered, 0 nonclaims, 333 unprocessed
✓ docs/column/roudousha-meibo/index.html（ページ全体）
warning segments docs/column/shataku-chintairyo/index.html: 0/261 covered, 0 nonclaims, 261 unprocessed
✓ docs/column/shataku-chintairyo/index.html（ページ全体）
warning segments docs/column/shinya-teate/index.html: 0/349 covered, 0 nonclaims, 349 unprocessed
✓ docs/column/shinya-teate/index.html（ページ全体）
warning segments docs/column/zangyodai-keisan/index.html: 0/415 covered, 0 nonclaims, 415 unprocessed
✓ docs/column/zangyodai-keisan/index.html（ページ全体）
warning segments docs/embed/zangyodai/index.html: 0/24 covered, 0 nonclaims, 24 unprocessed
✓ docs/embed/zangyodai/index.html（ページ全体）
warning segments docs/saitei-chingin/index.html: 0/277 covered, 0 nonclaims, 277 unprocessed
✓ docs/saitei-chingin/index.html（ページ全体）
warning segments docs/yakuin-shataku/index.html: 0/93 covered, 0 nonclaims, 93 unprocessed
✓ docs/yakuin-shataku/index.html（ページ全体）
warning segments docs/zangyodai/index.html: 0/80 covered, 0 nonclaims, 80 unprocessed
✓ docs/zangyodai/index.html（ページ全体）
