✅ データ: 取得価額の基準は 40万円未満（措法28条の2①/67条の5①）
✅ データ: 改正前（令和8年3月31日以前の取得）は 30万円未満
✅ データ: 拡充の境界は取得年月 2026-04（=令和8年4月1日・附則35条/65条の「施行日以後に取得」）
✅ データ: 年間限度は300万円
✅ データ: 適用期限（取得期限）は令和11年3月31日＝2029-03-31
✅ データ: 従業員要件は400人以下（旧500人・特定法人300人）
✅ データ: 少額10万円未満（所令138条）・一括償却20万円未満3年（所令139条）
✅ データ整合: 拡充の開始は適用期限より前（期限切れの制度を拡充と称さない）
✅ ★35万円・令和8年4月取得: 特例を案内し「40万円未満」と言う（旧コードは案内しなかった）
✅ 35万円・令和8年3月取得: 旧基準（30万円未満）では対象外なので特例を案内しない
✅ 29万9,999円・令和8年3月取得: 旧基準で対象。「30万円未満」と言う
✅ 境界: 39万9,999円は対象・40万円ちょうどは対象外（「未満」）
✅ 境界: 令和8年3月31日以前＝29万9,999円まで／30万円ちょうどは対象外
✅ ★期限: 令和11年3月取得は案内する／令和11年4月取得は「使える」と言わず期限を告げる
✅ 10万円・20万円の案内: 19万9,999円では出る／20万円ちょうどでは出ない
✅ 回帰防止: コアに 300000 の直書きゲートが残っていない（金額の正本はデータ）
✅ /genka/ 一覧の中小特例の行が「40万円未満」「300万円」を言う
✅ ★/genka/ の注記が「令和8年4月1日以後の取得」「それ以前は30万円未満」「令和11年3月31日」「400人」を全部言う
✅ /genka/ の見出し・目次が「40万円未満」を名乗る（30万円のまま残さない）
✅ ★/genka/ のFAQは本文とJSON-LDの「回答文そのもの」が40万円を言う（設問名や括弧書きで代用しない）
✅ /genka/ が特例の条文（措法28条の2・67条の5）を出典に挙げる
✅ コラム: 改正calloutが「40万円未満」「令和8年4月1日以後に取得」「令和11年」「500人以下から400人以下」
✅ コラム: 要件表の「取得価額」行と「適用期限」行がデータと一致
✅ ★カナリア: recheck_after を過ぎたら赤くなる（令和11年度改正で延長の有無を確認する）
✅ カナリア: 適用期限そのものを過ぎていないか（過ぎたら特例の案内を止める判断が要る）

25 passed, 0 failed
