  更新: column/shogaku-genka-shokyaku/index.html (設問8件)
gen_faq_jsonld: 1ページ更新
✓ qa_index.json を生成(記事 404 / ツール 67 = 471件)
  更新: sitemap.xml
  更新: column/index.html
  ⚠️  除外(.nopublish): _figcheck_kkk — sitemap・一覧に載せていない
  ⚠️  除外(.nopublish): _figcheck_tmp — sitemap・一覧に載せていない
  ⚠️  除外(.nopublish): furusato-nozei-keisan — sitemap・一覧に載せていない
  ⚠️  除外(.nopublish): senpou-futan-3hoshiki — sitemap・一覧に載せていない
  ⚠️  除外(.nopublish): shakai-hokenryo-keisan — sitemap・一覧に載せていない
  ⚠️  除外(.nopublish): sozokuzei-ikura — sitemap・一覧に載せていない
  ⚠️  除外(.nopublish): tedori-keisan — sitemap・一覧に載せていない
  ⚠️  除外(.nopublish): zoyozei-ikura — sitemap・一覧に載せていない
✓ 記事 404本  [年末調整・源泉徴収・控除 68 / 給与計算・手取り 47 / 社会保険・年金 35 / 法人税・決算の実務 83 / 消費税・インボイス 11 / 振込・支払の実務 31 / 給与計算の実務（会社側） 28 / 健康保険・雇用保険・労災保険の給付 16 / 有給休暇・法定の休暇 6 / 電子帳簿保存法 3 / 固定資産・減価償却 13 / 補助金の経理・税務 10 / 相続税・贈与税 8 / 資産形成・投資 45]
✓ 対象484本 / 更新 5本 / datePublished無し 20本
gen_trust_footer: 対象 53本 / 書き換え 0本 / 日付を新規に置いた 0本
gen_data_source_note: _meta を持つデータ 39本 / 出典を出したページ 45本 / 書き換え 0本
✓ 領域橋は最新
gen_faq_jsonld: 差分なし
✓ qa_index.json は最新(記事 404 / ツール 67 = 471件)
  更新: sitemap.xml
  ⚠️  除外(.nopublish): _figcheck_kkk — sitemap・一覧に載せていない
  ⚠️  除外(.nopublish): _figcheck_tmp — sitemap・一覧に載せていない
  ⚠️  除外(.nopublish): furusato-nozei-keisan — sitemap・一覧に載せていない
  ⚠️  除外(.nopublish): senpou-futan-3hoshiki — sitemap・一覧に載せていない
  ⚠️  除外(.nopublish): shakai-hokenryo-keisan — sitemap・一覧に載せていない
  ⚠️  除外(.nopublish): sozokuzei-ikura — sitemap・一覧に載せていない
  ⚠️  除外(.nopublish): tedori-keisan — sitemap・一覧に載せていない
  ⚠️  除外(.nopublish): zoyozei-ikura — sitemap・一覧に載せていない
✓ 記事 404本  [年末調整・源泉徴収・控除 68 / 給与計算・手取り 47 / 社会保険・年金 35 / 法人税・決算の実務 83 / 消費税・インボイス 11 / 振込・支払の実務 31 / 給与計算の実務（会社側） 28 / 健康保険・雇用保険・労災保険の給付 16 / 有給休暇・法定の休暇 6 / 電子帳簿保存法 3 / 固定資産・減価償却 13 / 補助金の経理・税務 10 / 相続税・贈与税 8 / 資産形成・投資 45]
✓ 対象484本 / 更新 2本 / datePublished無し 20本
gen_trust_footer: 対象 53本 / 書き換え 0本 / 日付を新規に置いた 0本
gen_data_source_note: _meta を持つデータ 39本 / 出典を出したページ 45本 / 書き換え 0本
✓ 領域橋は最新
gen_faq_jsonld: 差分なし
✓ qa_index.json は最新(記事 404 / ツール 67 = 471件)
  ⚠️  除外(.nopublish): _figcheck_kkk — sitemap・一覧に載せていない
  ⚠️  除外(.nopublish): _figcheck_tmp — sitemap・一覧に載せていない
  ⚠️  除外(.nopublish): furusato-nozei-keisan — sitemap・一覧に載せていない
  ⚠️  除外(.nopublish): senpou-futan-3hoshiki — sitemap・一覧に載せていない
  ⚠️  除外(.nopublish): shakai-hokenryo-keisan — sitemap・一覧に載せていない
  ⚠️  除外(.nopublish): sozokuzei-ikura — sitemap・一覧に載せていない
  ⚠️  除外(.nopublish): tedori-keisan — sitemap・一覧に載せていない
  ⚠️  除外(.nopublish): zoyozei-ikura — sitemap・一覧に載せていない
✓ 記事 404本（変更なし）  [年末調整・源泉徴収・控除 68 / 給与計算・手取り 47 / 社会保険・年金 35 / 法人税・決算の実務 83 / 消費税・インボイス 11 / 振込・支払の実務 31 / 給与計算の実務（会社側） 28 / 健康保険・雇用保険・労災保険の給付 16 / 有給休暇・法定の休暇 6 / 電子帳簿保存法 3 / 固定資産・減価償却 13 / 補助金の経理・税務 10 / 相続税・贈与税 8 / 資産形成・投資 45]
✓ 対象484本 / 更新 0本 / datePublished無し 20本
gen_trust_footer: 対象 53本 / 書き換え 0本 / 日付を新規に置いた 0本
gen_data_source_note: _meta を持つデータ 39本 / 出典を出したページ 45本 / 書き換え 0本
✓ 領域橋は最新
gen_faq_jsonld: 差分なし
✓ qa_index.json は最新(記事 404 / ツール 67 = 471件)
  ⚠️  除外(.nopublish): _figcheck_kkk — sitemap・一覧に載せていない
  ⚠️  除外(.nopublish): _figcheck_tmp — sitemap・一覧に載せていない
  ⚠️  除外(.nopublish): furusato-nozei-keisan — sitemap・一覧に載せていない
  ⚠️  除外(.nopublish): senpou-futan-3hoshiki — sitemap・一覧に載せていない
  ⚠️  除外(.nopublish): shakai-hokenryo-keisan — sitemap・一覧に載せていない
  ⚠️  除外(.nopublish): sozokuzei-ikura — sitemap・一覧に載せていない
  ⚠️  除外(.nopublish): tedori-keisan — sitemap・一覧に載せていない
  ⚠️  除外(.nopublish): zoyozei-ikura — sitemap・一覧に載せていない
✓ 記事 404本（変更なし）  [年末調整・源泉徴収・控除 68 / 給与計算・手取り 47 / 社会保険・年金 35 / 法人税・決算の実務 83 / 消費税・インボイス 11 / 振込・支払の実務 31 / 給与計算の実務（会社側） 28 / 健康保険・雇用保険・労災保険の給付 16 / 有給休暇・法定の休暇 6 / 電子帳簿保存法 3 / 固定資産・減価償却 13 / 補助金の経理・税務 10 / 相続税・贈与税 8 / 資産形成・投資 45]
✓ 対象484本 / 更新 0本 / datePublished無し 20本
gen_trust_footer: 対象 53本 / 書き換え 0本 / 日付を新規に置いた 0本
gen_data_source_note: _meta を持つデータ 39本 / 出典を出したページ 45本 / 書き換え 0本
✓ 領域橋は最新
gen_faq_jsonld: 差分なし
✓ qa_index.json は最新(記事 404 / ツール 67 = 471件)
  ⚠️  除外(.nopublish): _figcheck_kkk — sitemap・一覧に載せていない
  ⚠️  除外(.nopublish): _figcheck_tmp — sitemap・一覧に載せていない
  ⚠️  除外(.nopublish): furusato-nozei-keisan — sitemap・一覧に載せていない
  ⚠️  除外(.nopublish): senpou-futan-3hoshiki — sitemap・一覧に載せていない
  ⚠️  除外(.nopublish): shakai-hokenryo-keisan — sitemap・一覧に載せていない
  ⚠️  除外(.nopublish): sozokuzei-ikura — sitemap・一覧に載せていない
  ⚠️  除外(.nopublish): tedori-keisan — sitemap・一覧に載せていない
  ⚠️  除外(.nopublish): zoyozei-ikura — sitemap・一覧に載せていない
✓ 記事 404本（変更なし）  [年末調整・源泉徴収・控除 68 / 給与計算・手取り 47 / 社会保険・年金 35 / 法人税・決算の実務 83 / 消費税・インボイス 11 / 振込・支払の実務 31 / 給与計算の実務（会社側） 28 / 健康保険・雇用保険・労災保険の給付 16 / 有給休暇・法定の休暇 6 / 電子帳簿保存法 3 / 固定資産・減価償却 13 / 補助金の経理・税務 10 / 相続税・贈与税 8 / 資産形成・投資 45]
✓ 対象484本 / 更新 0本 / datePublished無し 20本
gen_trust_footer: 対象 53本 / 書き換え 0本 / 日付を新規に置いた 0本
gen_data_source_note: _meta を持つデータ 39本 / 出典を出したページ 45本 / 書き換え 0本
✓ 領域橋は最新
