✗ docs/column/yukyu-kaitori/index.html: 数字「2019年4月」が台帳の numbers にありません（一次資料で確かめて載せる）
✗ docs/column/yukyu-kaitori/index.html: 数字「11月30日」が台帳の numbers にありません（一次資料で確かめて載せる）
✗ docs/column/yukyu-kaitori/index.html: 数字「102,198円」が台帳の numbers にありません（一次資料で確かめて載せる）
✗ docs/column/yukyu-kaitori/index.html: 数字「30万円」が台帳の numbers にありません（一次資料で確かめて載せる）
✗ docs/column/yukyu-kaitori/index.html: 数字「1.5倍」が台帳の numbers にありません（一次資料で確かめて載せる）
✗ docs/column/yukyu-kaitori/index.html: 数字「3か月」が台帳の numbers にありません（一次資料で確かめて載せる）
✗ docs/column/yukyu-kaitori/index.html: 数字「91日」が台帳の numbers にありません（一次資料で確かめて載せる）
✗ docs/column/yukyu-kaitori/index.html: 数字「20日」が台帳の numbers にありません（一次資料で確かめて載せる）
✗ docs/column/yukyu-kaitori/index.html: 数字「1日」が台帳の numbers にありません（一次資料で確かめて載せる）
✗ docs/column/yukyu-kaitori/index.html: 数字「1か月」が台帳の numbers にありません（一次資料で確かめて載せる）
✗ docs/column/yukyu-kaitori/index.html: 数字「1年間」が台帳の numbers にありません（一次資料で確かめて載せる）
✗ docs/column/yukyu-nen5ka/index.html: 数字「平成31年4月」が台帳の numbers にありません（一次資料で確かめて載せる）
✗ docs/column/yukyu-nen5ka/index.html: 数字「2019年4月」が台帳の numbers にありません（一次資料で確かめて載せる）
✗ docs/column/yukyu-nen5ka/index.html: 数字「30万円」が台帳の numbers にありません（一次資料で確かめて載せる）
✗ docs/column/yukyu-nen5ka/index.html: 数字「6か月」が台帳の numbers にありません（一次資料で確かめて載せる）
✗ docs/column/yukyu-nen5ka/index.html: 数字「4日」が台帳の numbers にありません（一次資料で確かめて載せる）
✗ docs/column/yukyu-nen5ka/index.html: 数字「30時間」が台帳の numbers にありません（一次資料で確かめて載せる）
✗ docs/column/yukyu-nen5ka/index.html: 数字「3日」が台帳の numbers にありません（一次資料で確かめて載せる）
✗ docs/column/yukyu-nen5ka/index.html: 数字「2日」が台帳の numbers にありません（一次資料で確かめて載せる）
✗ docs/column/yukyu-nen5ka/index.html: 数字「40時間」が台帳の numbers にありません（一次資料で確かめて載せる）
✗ docs/column/yukyu-nen5ka/index.html: 数字「8日」が台帳の numbers にありません（一次資料で確かめて載せる）
✗ docs/column/yukyu-nen5ka/index.html: 数字「5年間」が台帳の numbers にありません（一次資料で確かめて載せる）
✗ docs/column/yukyu-nen5ka/index.html: 数字「3年間」が台帳の numbers にありません（一次資料で確かめて載せる）
✗ docs/column/yukyu-nen5ka/index.html: 数字「1年間」が台帳の numbers にありません（一次資料で確かめて載せる）
✗ docs/column/yukyu-nen5ka/index.html: 数字「20日」が台帳の numbers にありません（一次資料で確かめて載せる）

★ 2/2 ページが台帳と合いません。gbrain keiri-tools/article-error-patterns のチェックリストで確かめてから台帳に載せる
