✓ docs/column/denchoho-kensaku-yoken/index.html（足した行）
✓ docs/column/denchoho-scanner-hozon/index.html（足した行）
✓ docs/column/denchoho-wakariyasuku/index.html（足した行）
✓ docs/column/ikuji-jitan-kyufukin/index.html（足した行）
✓ docs/column/ikuji-kyugyo-kyufukin/index.html（足した行）
✓ docs/column/kaigo-kyugyo-kyufukin/index.html（足した行）
✓ docs/column/kogaku-ryoyohi/index.html（足した行）
✓ docs/column/kounenrei-koyou-keizoku/index.html（足した行）
✓ docs/column/kounenrei-kyushokusha-kyufukin/index.html（足した行）
✓ docs/column/kyoiku-kunren-kyufukin/index.html（足した行）
✓ docs/column/rishokuhyo/index.html（足した行）
✓ docs/column/rosai-kyugyo-hosho/index.html（足した行）
✓ docs/column/shitsugyo-hoken-keisan/index.html（足した行）
✓ docs/column/shobyo-teate-kin-shinseisho/index.html（足した行）
✓ docs/column/shobyo-teate-kin/index.html（足した行）
✓ docs/column/shussan-ikuji-ichijikin/index.html（足した行）
✓ docs/column/shussan-teate-kin/index.html（足した行）
✓ docs/column/tsukin-saigai/index.html（足した行）
✓ docs/kogaku-ryoyohi/index.html（足した行）
✓ docs/shakai-hoken/index.html（足した行）
✓ docs/shobyo/index.html（足した行）
