[
  {
    page: 'docs/column/kogaku-ryoyohi/index.html',
    total: 581,
    covered: 321,
    verified: 279,
    nonclaims: 73,
    unprocessed: 187
  },
  {
    page: 'docs/embed/shobyo/index.html',
    total: 44,
    covered: 12,
    verified: 5,
    nonclaims: 24,
    unprocessed: 8
  },
  {
    page: 'docs/kogaku-ryoyohi/index.html',
    total: 164,
    covered: 63,
    verified: 41,
    nonclaims: 70,
    unprocessed: 31
  },
  {
    page: 'docs/shobyo/index.html',
    total: 115,
    covered: 58,
    verified: 37,
    nonclaims: 36,
    unprocessed: 21
  }
]
