9 1
12 1
15 1
16 1
19 1
21 1
23 1
26 1
73 9
80 1
134 1
135 1
192 1
209 1
223 1
256 1
257 1
262 2
263 1
264 1
265 1
266 1
286 1
360 1
415 1
419 1
518 1
580 1
834 1
835 1
942 1
943 1
905 1
913 1
962 1
975 1
978 1
979 1
980 1
984 1
991 1
995 1
998 1
999 1
1000 1
1004 1
1009 1
1011 1
1032 1
1077 1
1100 1
1105 1
1108 2
1113 1
1117 1
1118 1
1119 1
1130 1
1134 1
1145 1
1147 1
1149 1
861 1
862 1
863 1
858 1
882 1
885 1
887 1
888 1
869 1
1157 1
1158 1
1160 1
1181 1
1184 1
1152 2
1154 2
1159 1
1167 1
1175 1
1178 1
1186 1
1194 1
1195 1
1199 1
1222 1
1223 2
1286 2
1225 1
1226 1
1194 2
1271 2
1280 1
1288 1
1289 1
