[
  {
    page: 'docs/column/koyou-hoken-kanyu-joken/index.html',
    total: 455,
    covered: 87,
    verified: 55,
    nonclaims: 88,
    unprocessed: 280,
    out_of_corpus: 280
  },
  {
    page: 'docs/column/yakuin-koyou-hoken/index.html',
    total: 351,
    covered: 6,
    verified: 3,
    nonclaims: 83,
    unprocessed: 262,
    out_of_corpus: 262
  },
  {
    page: 'docs/embed/kihonteate/index.html',
    total: 57,
    covered: 8,
    verified: 6,
    nonclaims: 18,
    unprocessed: 31,
    out_of_corpus: 31
  },
  {
    page: 'docs/embed/papa-ikukyu/index.html',
    total: 44,
    covered: 25,
    verified: 10,
    nonclaims: 14,
    unprocessed: 5,
    out_of_corpus: 5
  },
  {
    page: 'docs/kihonteate/index.html',
    total: 278,
    covered: 133,
    verified: 79,
    nonclaims: 43,
    unprocessed: 102,
    out_of_corpus: 102
  },
  {
    page: 'docs/papa-ikukyu/index.html',
    total: 158,
    covered: 110,
    verified: 77,
    nonclaims: 37,
    unprocessed: 11,
    out_of_corpus: 11
  }
]
unmapped 0
