{
  "report": [
    {
      "page": "docs/column/fuyo-kojo-shinkokusho/index.html",
      "total": 435,
      "covered": 235,
      "verified": 164,
      "nonclaims": 90,
      "out_of_corpus": 110,
      "unprocessed": 110,
      "other_errors": []
    },
    {
      "page": "docs/column/nenmatsu-chosei-kakikata/index.html",
      "total": 442,
      "covered": 326,
      "verified": 268,
      "nonclaims": 86,
      "out_of_corpus": 30,
      "unprocessed": 30,
      "other_errors": []
    },
    {
      "page": "docs/kinro-gakusei/index.html",
      "total": 213,
      "covered": 77,
      "verified": 53,
      "nonclaims": 58,
      "out_of_corpus": 78,
      "unprocessed": 78,
      "other_errors": []
    },
    {
      "page": "docs/seimei-hoken-kojo/index.html",
      "total": 220,
      "covered": 90,
      "verified": 67,
      "nonclaims": 52,
      "out_of_corpus": 78,
      "unprocessed": 78,
      "other_errors": []
    }
  ],
  "unknown": []
}
