docs/column/kakutei-shinkoku-zeirishi-hiyo/index.html:240:<p>事業所得や不動産所得の確定申告のために払った税理士報酬は、その事業の必要経費です。所得税法37条1項は、総収入金額を得るため直接に要した費用と、その年の販売費、一般管理費その他業務について生じた費用を必要経費としています。事業の申告書を作るための報酬は、事業について生じた費用に当たります。</p>
docs/column/kakutei-shinkoku-zeirishi-hiyo/index.html:245:<p>計上する時期は、原則として役務の提供が完了した日です。所得税法37条1項が必要経費の範囲から「償却費以外の費用でその年において債務の確定しないもの」を括弧書きで除いているためで、まだ役務の提供も請求もない報酬を先に落とすことはできません。確定申告の申告書作成報酬は、申告書を作成して提出した年（翌年）の経費になるのが基本で、前年の決算に前倒しで入れることはありません。ただし顧問料のように月ごとの役務なら、その月の経費です。年末に翌年分の報酬を前払いした場合は前払費用として翌年に繰り越します。</p>
docs/column/shomohinhi/index.html:234:        <text x="605" y="138">法人税法22条3項2号・所得税法37条1項</text>
docs/column/shomohinhi/index.html:427:  <p>個人事業主の必要経費は所得税法37条1項で、法人の22条3項と同じ作りです。</p>
docs/column/ryohi-kotsuhi/index.html:236:  <p>法令は費目の名前を例示するだけで、中身を定義していません。そこで実務の整理を表にします。法人税法22条3項2号が損金とする「販売費、一般管理費その他の費用」、所得税法37条1項が必要経費とする「販売費、一般管理費その他これらの所得を生ずべき業務について生じた費用」の一部を、移動と滞在の費用として切り出したものが旅費交通費だと考えると位置づけがはっきりします。</p>
docs/column/ryohi-kotsuhi/index.html:324:  <p>個人事業主の旅費交通費は、所得税法37条1項の必要経費に当たります。</p>
docs/column/uriage-genka/index.html:11:<meta name="description" content="売上原価と販売費及び一般管理費を分ける実益は、決算書の見た目ではなく損金算入のタイミングにあります。法人税法22条3項は1号に売上原価、2号に販管費を置きますが、「当該事業年度終了の日までに債務の確定しないものを除く」という括弧書きが付いているのは2号だけです。そのため確定していない売上原価は法人税基本通達2-2-1が「適正に見積るものとする」と義務づけており、確定を待たずに損金になります。ただし単なる事後的費用の性格を持つものは含まれません。売上原価＝期首棚卸高＋当期仕入高−期末棚卸高という式が財務諸表等規則75条の掲記方法そのものであること、販管費側の債務確定の3要件（通達2-2-12）、所得税法37条1項も同じ構造であることを、e-Gov法令API v2と国税庁の通達原文で確かめて解説します。">
docs/column/uriage-genka/index.html:17:<meta property="og:description" content="売上原価と販売費及び一般管理費を分ける実益は、決算書の見た目ではなく損金算入のタイミングにあります。法人税法22条3項は1号に売上原価、2号に販管費を置きますが、「当該事業年度終了の日までに債務の確定しないものを除く」という括弧書きが付いているのは2号だけです。そのため確定していない売上原価は法人税基本通達2-2-1が「適正に見積るものとする」と義務づけており、確定を待たずに損金になります。ただし単なる事後的費用の性格を持つものは含まれません。売上原価＝期首棚卸高＋当期仕入高−期末棚卸高という式が財務諸表等規則75条の掲記方法そのものであること、販管費側の債務確定の3要件（通達2-2-12）、所得税法37条1項も同じ構造であることを、e-Gov法令API v2と国税庁の通達原文で確かめて解説します。">
docs/column/uriage-genka/index.html:349:  <p>ここまで法人税法で説明してきましたが、個人事業主の必要経費を定めた所得税法37条1項も、<b>まったく同じ形</b>をしています。</p>
docs/column/uriage-genka/index.html:366:  <p>法人税法22条3項が号で分けているところを、所得税法37条1項は「及び」でつないだ一文で書いています。しかし<b>債務確定の括弧書きが後半にしか掛かっていない</b>点は同じです。法人と個人で建て付けの違う制度は多いのですが、この論点に関しては条文の構造が一致しています。</p>
docs/column/hojin-nari/index.html:347:      <tr><td>交際費</td><td>必要経費（37条。金額の上限規定は無い）</td><td>資本金1億円以下は年800万円まで（または飲食費の50%）が損金</td><td>所得税法37条／措置法61条の4第1・2項</td></tr>
docs/column/index.html:1516:      <a href="uriage-genka/" data-s="売上原価とは — 確定していない原価は「見積るものとする」。条文が債務の確定を求めているのは販管費の側だけ 売上原価と販売費及び一般管理費を分ける実益は、決算書の見た目ではなく損金算入のタイミングにあります。法人税法22条3項は1号に売上原価、2号に販管費を置きますが、「当該事業年度終了の日までに債務の確定しないものを除く」という括弧書きが付いているのは2号だけです。そのため確定していない売上原価は法人税基本通達2-2-1が「適正に見積るものとする」と義務づけており、確定を待たずに損金になります。ただし単なる事後的費用の性格を持つものは含まれません。売上原価＝期首棚卸高＋当期仕入高−期末棚卸高という式が財務諸表等規則75条の掲記方法そのものであること、販管費側の債務確定の3要件（通達2-2-12）、所得税法37条1項も同じ構造であることを、e-gov法令api v2と国税庁の通達原文で確かめて解説します。">
docs/column/index.html:1520:          <div class="p-desc">売上原価と販売費及び一般管理費を分ける実益は、決算書の見た目ではなく損金算入のタイミングにあります。法人税法22条3項は1号に売上原価、2号に販管費を置きますが、「当該事業年度終了の日までに債務の確定しないものを除く」という括弧書きが付いているのは2号だけです。そのため確定していない売上原価は法人税基本通達2-2-1が「適正に見積るものとする」と義務づけており、確定を待たずに損金になります。ただし単なる事後的費用の性格を持つものは含まれません。売上原価＝期首棚卸高＋当期仕入高−期末棚卸高という式が財務諸表等規則75条の掲記方法そのものであること、販管費側の債務確定の3要件（通達2-2-12）、所得税法37条1項も同じ構造であることを、e-Gov法令API v2と国税庁の通達原文で確かめて解説します。</div>
docs/column/yachin-shunyu-kakutei-shinkoku/index.html:237:<p>必要経費の根拠は所得税法37条1項です。総収入金額を得るため直接に要した費用と、その年における販売費・一般管理費その他その業務について生じた費用で、償却費以外は<b>その年において債務の確定したもの</b>に限られます。国税庁No.1370は主なものとして固定資産税・損害保険料・減価償却費・修繕費を挙げています。決算書の欄に沿って整理すると次のとおりです。</p>
docs/column/gasolindai-kanjo-kamoku/index.html:202:<p>事業と私生活の両方で同じ車を使う場合、ガソリン代全額が必要経費になるわけではありません。所得税法37条1項は、不動産所得・事業所得・雑所得（山林の伐採・譲渡に係る事業所得・雑所得と公的年金等に係る雑所得を除く）の必要経費について、別段の定めがあるものを除き、総収入金額に係る売上原価その他直接に要した費用と、その年の販売費・一般管理費その他業務について生じた費用（償却費以外でその年に債務が確定しないものを除く）を算入すると定め、居住者の家事上の経費と家事関連費のうち政令で定めるものは45条1項1号により除外されますが、家事関連費でも取引の記録などに基づいて業務遂行上直接必要だったことが明らかに区分できる金額は必要経費になります。国税庁No.2210も、業務上直接必要な部分を記録等に基づいて明らかに区分する必要があると説明しています。</p>
docs/column/gyomuitaku-kakutei-shinkoku/index.html:342:<tr><td>必要経費</td><td>認められる</td><td>認められる</td><td>所得税法37条1項</td></tr>
docs/column/gyomuitaku-kakutei-shinkoku/index.html:348:<p>必要経費の範囲は所得税法37条1項が定めていて、総収入金額を得るため直接に要した費用と、その年の販売費・一般管理費その他その業務について生じた費用です。事業所得でも雑所得でも同じ条文が適用されるので、雑所得だから経費が認められないということはありません。</p>
docs/assets/qa_index.json:3660:    "answer": "売上原価と販売費及び一般管理費を分ける実益は、決算書の見た目ではなく損金算入のタイミングにあります。法人税法22条3項は1号に売上原価、2号に販管費を置きますが、「当該事業年度終了の日までに債務の確定しないものを除く」という括弧書きが付いているのは2号だけです。そのため確定していない売上原価は法人税基本通達2-2-1が「適正に見積るものとする」と義務づけており、確定を待たずに損金になります。ただし単なる事後的費用の性格を持つものは含まれません。売上原価＝期首棚卸高＋当期仕入高−期末棚卸高という式が財務諸表等規則75条の掲記方法そのものであること、販管費側の債務確定の3要件（通達2-2-12）、所得税法37条1項も同じ構造であることを、e-Gov法令API v2と国税庁の通達原文で確かめて解説します。",
docs/assets/qa_index.json:3661:    "summary": "売上原価と販売費及び一般管理費を分ける実益は、決算書の見た目ではなく損金算入のタイミングにあります。法人税法22条3項は1号に売上原価、2号に販管費を置きますが、「当該事業年度終了の日までに債務の確定しないものを除く」という括弧書きが付いているのは2号だけです。そのため確定していない売上原価は法人税基本通達2-2-1が「適正に見積るものとする」と義務づけており、確定を待たずに損金になります。ただし単なる事後的費用の性格を持つものは含まれません。売上原価＝期首棚卸高＋当期仕入高−期末棚卸高という式が財務諸表等規則75条の掲記方法そのものであること、販管費側の債務確定の3要件（通達2-2-12）、所得税法37条1項も同じ構造であることを、e-Gov法令API v2と国税庁の通達原文で確かめて解説します。",
docs/assets/qa_index.json:3663:    "terms": "売上原価とは — 確定していない原価は「見積るものとする」。条文が債務の確定を求めているのは販管費の側だけ 売上原価と販売費及び一般管理費を分ける実益は、決算書の見た目ではなく損金算入のタイミングにあります。法人税法22条3項は1号に売上原価、2号に販管費を置きますが、「当該事業年度終了の日までに債務の確定しないものを除く」という括弧書きが付いているのは2号だけです。そのため確定していない売上原価は法人税基本通達2-2-1が「適正に見積るものとする」と義務づけており、確定を待たずに損金になります。ただし単なる事後的費用の性格を持つものは含まれません。売上原価＝期首棚卸高＋当期仕入高−期末棚卸高という式が財務諸表等規則75条の掲記方法そのものであること、販管費側の債務確定の3要件（通達2-2-12）、所得税法37条1項も同じ構造であることを、e-gov法令api v2と国税庁の通達原文で確かめて解説します。 法人税・決算の実務"
