  更新: column/shakai-hoken-kanyu-joken/index.html (設問6件)
  更新: kabe/index.html (設問3件)
gen_faq_jsonld: 2ページ更新
共有リンクを入れました: 46 / 対象 478 ページ
  ⚠️  未コミットの変更が 46 件（>= 20）= 一括変更とみなし、
     lastmod を今日に塗り替えません（コミット済み履歴の日付を使います）。
  更新: sitemap.xml
  ⚠️  除外(.nopublish): _figcheck_kkk — sitemap・一覧に載せていない
  ⚠️  除外(.nopublish): _figcheck_tmp — sitemap・一覧に載せていない
  ⚠️  除外(.nopublish): furusato-nozei-keisan — sitemap・一覧に載せていない
  ⚠️  除外(.nopublish): senpou-futan-3hoshiki — sitemap・一覧に載せていない
  ⚠️  除外(.nopublish): shakai-hokenryo-keisan — sitemap・一覧に載せていない
  ⚠️  除外(.nopublish): sozokuzei-ikura — sitemap・一覧に載せていない
  ⚠️  除外(.nopublish): tedori-keisan — sitemap・一覧に載せていない
  ⚠️  除外(.nopublish): zoyozei-ikura — sitemap・一覧に載せていない
✓ 記事 395本  [資産形成・投資 37 / 社会保険・年金 35 / 年末調整・源泉徴収・控除 68 / 相続税・贈与税 8 / 給与計算・手取り 47 / 健康保険・雇用保険・労災保険の給付 16 / 有給休暇・法定の休暇 6 / 消費税・インボイス 11 / 電子帳簿保存法 3 / 振込・支払の実務 31 / 給与計算の実務（会社側） 28 / 補助金の経理・税務 10 / 固定資産・減価償却 13 / 法人税・決算の実務 82]
  ⚠️  未コミットの本文変更が 47 件（>= 20）= 一括変更とみなし、
     「今日更新」を焼きません。コミット済み履歴の日付を使います（偽の鮮度信号を出さないため）。
✓ 対象475本 / 更新 1本 / datePublished無し 20本
gen_trust_footer: 対象 53本 / 書き換え 0本 / 日付を新規に置いた 0本
gen_data_source_note: _meta を持つデータ 39本 / 出典を出したページ 45本 / 書き換え 0本
✓ 領域橋は最新
