[
  {
    "page": "docs/column/nenshu-no-kabe/index.html",
    "before": {
      "total": 403,
      "covered": 74,
      "verified": 52,
      "nonclaims": 117,
      "unprocessed": 212
    },
    "after": {
      "total": 417,
      "covered": 110,
      "verified": 81,
      "nonclaims": 106,
      "unprocessed": 201
    },
    "invalid": []
  },
  {
    "page": "docs/column/shakai-hoken-kanyu-joken/index.html",
    "before": {
      "total": 297,
      "covered": 161,
      "verified": 132,
      "nonclaims": 65,
      "unprocessed": 71
    },
    "after": {
      "total": 302,
      "covered": 154,
      "verified": 152,
      "nonclaims": 66,
      "unprocessed": 82
    },
    "invalid": []
  },
  {
    "page": "docs/embed/kabe/index.html",
    "before": {
      "total": 23,
      "covered": 0,
      "verified": 0,
      "nonclaims": 0,
      "unprocessed": 23
    },
    "after": {
      "total": 23,
      "covered": 3,
      "verified": 3,
      "nonclaims": 12,
      "unprocessed": 8
    },
    "invalid": []
  },
  {
    "page": "docs/kabe/index.html",
    "before": {
      "total": 66,
      "covered": 0,
      "verified": 0,
      "nonclaims": 0,
      "unprocessed": 66
    },
    "after": {
      "total": 72,
      "covered": 21,
      "verified": 19,
      "nonclaims": 17,
      "unprocessed": 34
    },
    "invalid": []
  }
]
