[
  {
    "page": "docs/column/nenshu-no-kabe/index.html",
    "before": {
      "total": 403,
      "covered": 74,
      "verified": 52,
      "nonclaims": 117,
      "unprocessed": 212
    },
    "after": {
      "total": 417,
      "covered": 141,
      "verified": 81,
      "nonclaims": 106,
      "out_of_corpus": 170,
      "writer_checked": 60,
      "unprocessed": 170
    },
    "invalid": []
  },
  {
    "page": "docs/column/shakai-hoken-kanyu-joken/index.html",
    "before": {
      "total": 297,
      "covered": 161,
      "verified": 132,
      "nonclaims": 65,
      "unprocessed": 71
    },
    "after": {
      "total": 302,
      "covered": 174,
      "verified": 152,
      "nonclaims": 66,
      "out_of_corpus": 62,
      "writer_checked": 22,
      "unprocessed": 62
    },
    "invalid": []
  },
  {
    "page": "docs/embed/kabe/index.html",
    "before": {
      "total": 23,
      "covered": 0,
      "verified": 0,
      "nonclaims": 0,
      "unprocessed": 23
    },
    "after": {
      "total": 23,
      "covered": 4,
      "verified": 3,
      "nonclaims": 12,
      "out_of_corpus": 7,
      "writer_checked": 1,
      "unprocessed": 7
    },
    "invalid": []
  },
  {
    "page": "docs/kabe/index.html",
    "before": {
      "total": 66,
      "covered": 0,
      "verified": 0,
      "nonclaims": 0,
      "unprocessed": 66
    },
    "after": {
      "total": 72,
      "covered": 38,
      "verified": 19,
      "nonclaims": 17,
      "out_of_corpus": 17,
      "writer_checked": 19,
      "unprocessed": 17
    },
    "invalid": []
  }
]
