RUN node tests/test_year_staleness.mjs
RESULT 0 node tests/test_year_staleness.mjs
RUN node tests/break_izoku_page.mjs
RESULT 0 node tests/break_izoku_page.mjs
RUN node tests/test_kabe.mjs
RESULT 0 node tests/test_kabe.mjs
RUN node tests/test_nenshu_kabe.mjs
RESULT 0 node tests/test_nenshu_kabe.mjs
RUN node tests/test_stale_values_rules.mjs
RESULT 0 node tests/test_stale_values_rules.mjs
RUN node tests/test_stale_values.mjs
RESULT 0 node tests/test_stale_values.mjs
RUN node tests/test_generators_fresh.mjs
RESULT 0 node tests/test_generators_fresh.mjs
RUN node tests/test_faq_visible.mjs
RESULT 0 node tests/test_faq_visible.mjs
RUN node tests/test_qa.mjs
RESULT 0 node tests/test_qa.mjs
RUN node tests/test_layout_mutations.mjs
RESULT 0 node tests/test_layout_mutations.mjs
RUN node tools/check_claims.mjs --changed origin/main
RESULT 0 node tools/check_claims.mjs --changed origin/main
RUN node tools/check_claims.mjs --segments docs/column/nenshu-no-kabe/index.html
RESULT 0 node tools/check_claims.mjs --segments docs/column/nenshu-no-kabe/index.html
RUN node tools/check_claims.mjs --segments docs/column/shakai-hoken-kanyu-joken/index.html
RESULT 0 node tools/check_claims.mjs --segments docs/column/shakai-hoken-kanyu-joken/index.html
RUN node tools/check_claims.mjs --segments docs/embed/kabe/index.html
RESULT 0 node tools/check_claims.mjs --segments docs/embed/kabe/index.html
RUN node tools/check_claims.mjs --segments docs/kabe/index.html
RESULT 0 node tools/check_claims.mjs --segments docs/kabe/index.html
RUN node review/r16-t3-a/check-final-layout.mjs
RESULT 0 node review/r16-t3-a/check-final-layout.mjs
RUN node review/r16-t3-a/audit-final.mjs
RESULT 0 node review/r16-t3-a/audit-final.mjs
