stale layout markup: 1 pages
column/kounenrei-kyushokusha-kyufukin/index.html
node:internal/errors:983
  const err = new Error(message);
              ^

Error: Command failed: /opt/homebrew/Cellar/node/24.3.0/bin/node tools/gen_layout_markup.mjs --check
    at genericNodeError (node:internal/errors:983:15)
    at wrappedFn (node:internal/errors:537:14)
    at checkExecSyncError (node:child_process:892:11)
    at execFileSync (node:child_process:928:15)
    at file:///Users/masahiroyasu/Scripts/keiri-tools-astra-r16-t7-z/tests/test_layout_markup.mjs:14:1
    at ModuleJob.run (node:internal/modules/esm/module_job:365:25)
    at async onImport.tracePromise.__proto__ (node:internal/modules/esm/loader:665:26)
    at async asyncRunEntryPointWithESMLoader (node:internal/modules/run_main:99:5) {
  status: 1,
  signal: null,
  output: [ null, null, null ],
  pid: 74880,
  stdout: null,
  stderr: null
}

Node.js v24.3.0
