
$ node tools/check_claims.mjs --segments docs/column/chukan-shinkoku/index.html
warning segments docs/column/chukan-shinkoku/index.html: 283/382 covered, 78 nonclaims, 21 unprocessed
✓ docs/column/chukan-shinkoku/index.html（ページ全体）

exit=0

$ node tools/check_claims.mjs --segments docs/column/hojokin-shohizei/index.html
warning segments docs/column/hojokin-shohizei/index.html: 137/233 covered, 69 nonclaims, 27 unprocessed
✓ docs/column/hojokin-shohizei/index.html（ページ全体）

exit=0

$ node tools/check_claims.mjs --segments docs/column/invoice-2wari-tokurei/index.html
warning segments docs/column/invoice-2wari-tokurei/index.html: 263/342 covered, 73 nonclaims, 6 unprocessed
✓ docs/column/invoice-2wari-tokurei/index.html（ページ全体）

exit=0

$ node tools/check_claims.mjs --segments docs/column/invoice-wakariyasuku/index.html
warning segments docs/column/invoice-wakariyasuku/index.html: 197/275 covered, 70 nonclaims, 8 unprocessed
✓ docs/column/invoice-wakariyasuku/index.html（ページ全体）

exit=0

$ node tools/check_claims.mjs --segments docs/column/kani-kazei/index.html
warning segments docs/column/kani-kazei/index.html: 368/479 covered, 105 nonclaims, 6 unprocessed
✓ docs/column/kani-kazei/index.html（ページ全体）

exit=0

$ node tools/check_claims.mjs --segments docs/column/reverse-charge/index.html
warning segments docs/column/reverse-charge/index.html: 208/276 covered, 57 nonclaims, 11 unprocessed
✓ docs/column/reverse-charge/index.html（ページ全体）

exit=0

$ node tools/check_claims.mjs --segments docs/column/shohizei-hasu-shori/index.html
warning segments docs/column/shohizei-hasu-shori/index.html: 190/358 covered, 103 nonclaims, 65 unprocessed
✓ docs/column/shohizei-hasu-shori/index.html（ページ全体）

exit=0

$ node tools/check_claims.mjs --segments docs/column/shohizei-kanpu/index.html
warning segments docs/column/shohizei-kanpu/index.html: 186/258 covered, 63 nonclaims, 9 unprocessed
✓ docs/column/shohizei-kanpu/index.html（ページ全体）

exit=0

$ node tools/check_claims.mjs --segments docs/column/shohizei-zeiritsu/index.html
warning segments docs/column/shohizei-zeiritsu/index.html: 163/243 covered, 59 nonclaims, 21 unprocessed
✓ docs/column/shohizei-zeiritsu/index.html（ページ全体）

exit=0

$ node tools/check_claims.mjs --segments docs/embed/shohizei/index.html
warning segments docs/embed/shohizei/index.html: 2/21 covered, 14 nonclaims, 5 unprocessed
✓ docs/embed/shohizei/index.html（ページ全体）

exit=0

$ node tools/check_claims.mjs --segments docs/invoice-bangou/index.html
warning segments docs/invoice-bangou/index.html: 106/195 covered, 44 nonclaims, 45 unprocessed
✓ docs/invoice-bangou/index.html（ページ全体）

exit=0

$ node tools/check_claims.mjs --segments docs/shohizei/index.html
warning segments docs/shohizei/index.html: 54/137 covered, 72 nonclaims, 11 unprocessed
✓ docs/shohizei/index.html（ページ全体）

exit=0
