{'docs/column/furikomi-tesuryo-hikaku/index.html': {'claims': 323, 'nonclaims': 236, 'verified': 298, 'out_of_corpus': 101, 'repairer_verified': 22, 'covered': 320}, 'docs/column/zengin-format-guide/index.html': {'claims': 369, 'nonclaims': 147, 'verified': 364, 'out_of_corpus': 129, 'repairer_verified': 5, 'covered': 369}}
new units without old sentence []
preserved OC 230
{
  'docs/column/furikomi-tesuryo-hikaku/index.html': {
    total: 657,
    covered: 320,
    verified: 298,
    repairer_verified: 22,
    nonclaims: 236,
    out_of_corpus: 101,
    unprocessed: 101
  },
  'docs/column/zengin-format-guide/index.html': {
    total: 645,
    covered: 369,
    verified: 364,
    repairer_verified: 5,
    nonclaims: 147,
    out_of_corpus: 129,
    unprocessed: 129
  }
}
24 original fix targets mapped; 230 OC units preserved; invalid mappings 0
all senpou_core tests passed
(node:47662) [MODULE_TYPELESS_PACKAGE_JSON] Warning: Module type of file:///Users/masahiroyasu/Scripts/keiri-tools-astra-auto20261001-t8-q1/docs/assets/senpou_core.js is not specified and it doesn't parse as CommonJS.
Reparsing as ES module because module syntax was detected. This incurs a performance overhead.
To eliminate this warning, add "type": "module" to /Users/masahiroyasu/package.json.
(Use `node --trace-warnings ...` to show where the warning was created)
(node:47685) [MODULE_TYPELESS_PACKAGE_JSON] Warning: Module type of file:///Users/masahiroyasu/Scripts/keiri-tools-astra-auto20261001-t8-q1/docs/assets/bank_presets.js is not specified and it doesn't parse as CommonJS.
Reparsing as ES module because module syntax was detected. This incurs a performance overhead.
To eliminate this warning, add "type": "module" to /Users/masahiroyasu/package.json.
(Use `node --trace-warnings ...` to show where the warning was created)
✓ PV workflows: stable IDs/reordering, unknown, failure, delayed edits, conditional results, stable controls, generator
all fee article tests passed (30 banks, 10 with 30k step)
✓ test_furikomi_bank_sections: 17銀行 / 30区分が比較表と一致
✓ 逆引き表 21金額 が fee_table.json と一致（目次・収録範囲の申告も確認）
✓ test_stale_values: 482ページ × 旧値114件＋未来形の過去日付（基準日 2026-10-01）
condition tables: 17 cores, 45 conditions, 43 pending
(node:50429) [MODULE_TYPELESS_PACKAGE_JSON] Warning: Module type of file:///Users/masahiroyasu/Scripts/keiri-tools-astra-auto20261001-t8-q1/docs/assets/kokuho_core.js is not specified and it doesn't parse as CommonJS.
Reparsing as ES module because module syntax was detected. This incurs a performance overhead.
To eliminate this warning, add "type": "module" to /Users/masahiroyasu/package.json.
(Use `node --trace-warnings ...` to show where the warning was created)
✗ senpou_core / ドコモSMTB法人改定・29999円: source が一次資料でない: https://www.netbk.co.jp/contents/company/press/2026/0902_006290.html
✗ senpou_core / ドコモSMTB法人改定・30000円: source が一次資料でない: https://www.netbk.co.jp/contents/company/press/2026/0902_006290.html
✗ senpou_core / ドコモSMTB法人改定・30001円: source が一次資料でない: https://www.netbk.co.jp/contents/company/press/2026/0902_006290.html
✗ senpou_core / 改定後通常料金・99円差: source が一次資料でない: https://www.netbk.co.jp/contents/company/press/2026/0902_006290.html
✗ senpou_core / 改定後通常料金・100円差: source が一次資料でない: https://www.netbk.co.jp/contents/company/press/2026/0902_006290.html
✗ senpou_core / 改定後通常料金・101円差: source が一次資料でない: https://www.netbk.co.jp/contents/company/press/2026/0902_006290.html
